// Jest Snapshot v1, https://goo.gl/fbAQLP

exports[`RootView renders 1`] = `
<div
  className="root"
>
  <div
    className="title"
  >
    Available Projects
  </div>
  <div
    className="projects"
  >
    <div
      className="project"
    >
      <a
        className="project_name"
        href="/labors"
      >
        The Twelve Labors of Hercules
      </a>
      - 
      <span
        className="role"
      >
        viewer
        
      </span>
    </div>
    <div
      className="project"
    >
      <a
        className="project_name"
        href="/wisdom"
      >
        Athena's Wisdom
      </a>
      - 
      <span
        className="role"
      >
        viewer
        
      </span>
    </div>
  </div>
</div>
`;
