interactions:
- request:
    body: '{"token_type": "task", "project_name": "mvir1", "ready_only": true}'
    headers:
      Accept:
      - '*/*'
      Accept-Encoding:
      - gzip, deflate
      Connection:
      - keep-alive
      Content-Length:
      - '67'
      Content-Type:
      - application/json
      User-Agent:
      - python-requests/2.26.0
      authorization:
      - XXX-Auth
    method: POST
    uri: https://janus.ucsf.edu/api/tokens/generate
  response:
    body:
      string: eyJhbGciOiJSUzI1NiJ9.eyJlbWFpbCI6InphY2hhcnkuY29sbGluc0B1Y3NmLmVkdSIsIm5hbWUiOiJaYWNoYXJ5IENvbGxpbnMiLCJwZXJtIjoiZTptdmlyMSIsImZsYWdzIjoiaW5nZXN0O3Z1bGNhbjt0aW11cmFkdmFuY2VkO3F1ZXJ5cGxvdCIsImV4cCI6MTY0Njc3MTk5MiwidGFzayI6dHJ1ZX0.20qYFrUsaCWnmB49bhOQBxFoMP15P9sSkI8nkCXldUtbjMQqxUJpcIdPOIj3KmsURzjf_I-Sy6lfT9M8Put-x9BmrKjugzx-MavJWUOebn3KTNbxSHaqRT1SOODWJk8Hs8-zdiWMC6Nb6mhUWRpORevdfQ2fM8uVxPH7GWUZ_iXq7sgcMwnaSvcqW6ox0dEFKMlI9-Vw_QE-gPoCx0frPqc3uLiJCkx-_4mfrPtfa8t1Q3X_4jF98NIklCD_kXv3XQaggtpaGUcfRnqPXb6_3B0QuGJpwpvw3WQomAnKBKaG6uP-tLNaVMxZSOfOgukUhHItnTTrbZyp77lrb11-Hfk_d84eS_Bbdg9Eya_Oj9lomJMJ6tg2xCAz8dKh-lJaEiRAnIhv4DMc6gGCsdvInIz2_FETS3YutxDDgmH2L0XRmKJv6gpR76Ul-uP5PylPkHOvddm6FDnJdImTpjWktkiha3MPYajn1qnvnTCRxLpANWThsuvq0r1Nk6kenb1lyEUvwRDXvB7gCI3jcZOb8A2AaYi8D6uIDG8JWfhTHKLwkOt9XtWsIajFK-E1nHA1hi14u69AQ4-PRU9X4Lbz7G6U9nNngSGRu14R4jf9fCaAwjxKVcLxH_aTGZM9lCn8HVwtQIdK_xHw2qV6K1ubCmhzBTH4K-5a-1VE3rDPhgc
    headers:
      Connection:
      - Keep-Alive
      Content-Length:
      - '912'
      Content-Type:
      - text/plain; charset=UTF-8
      Date:
      - Tue, 01 Mar 2022 20:39:51 GMT
      Keep-Alive:
      - timeout=5, max=100
      Server:
      - Apache
      Service-Worker-Allowed:
      - /
      Strict-Transport-Security:
      - max-age=31536000; includeSubDomains
    status:
      code: 200
      message: OK
- request:
    body: '{"token_type": "task", "project_name": "mvir1", "ready_only": true}'
    headers:
      Accept:
      - '*/*'
      Accept-Encoding:
      - gzip, deflate
      Connection:
      - keep-alive
      Content-Length:
      - '67'
      Content-Type:
      - application/json
      User-Agent:
      - python-requests/2.26.0
      authorization:
      - XXX-Auth
    method: POST
    uri: https://janus.ucsf.edu/api/tokens/generate
  response:
    body:
      string: eyJhbGciOiJSUzI1NiJ9.eyJlbWFpbCI6InphY2hhcnkuY29sbGluc0B1Y3NmLmVkdSIsIm5hbWUiOiJaYWNoYXJ5IENvbGxpbnMiLCJwZXJtIjoiZTptdmlyMSIsImZsYWdzIjoiaW5nZXN0O3Z1bGNhbjt0aW11cmFkdmFuY2VkO3F1ZXJ5cGxvdCIsImV4cCI6MTY0Njc3MTk5NiwidGFzayI6dHJ1ZX0.A_AOH4hr63QOnVRP_6dIpvUPgddftu7uR6tF_hzRM7gCtknNDuDM07wOAzxSYv-cYdDeilsfTEXSv-KBaMhHpN9l60pHySXqKApSRxAFKiHkK4ucnBprr-18N6rkZeYGfEfaNJszudueYFgfAqtfY5sn2ZGcPysRw16xwZfjdHWcVIM9wzYBrfQ3IapKYkW05218kLbix9O1u_e6S3wSLzx4hMXh5oV44usjWSEQ5cRwP2uopHaHOu165B5hm93HLBnJUSG6Mfd8NhB7LlHGwPATNA18McYP3B6PiR-n5ena_Xw9SxDPVO_gYN1xyHxDueFsvNlClzKLIlyEhMdKq_yORyJG2V8H23qwB4VxTKiK5xHVmkSQre2tANta4vVvAwzLToS6QBXMsMeoGIC2uVRkKMm_4nGU1z2AmlgZ068dRY3yTDiAcJ7nzIcq8fPS-YOziS43yaZ8LituJerE1Ml9vHb1qs-sDOMMU30PziB5CCl6HNaiynHzHSklGTToPo15hmVpAZNSH1vzwUdswa93-bie8GkcK-l-BEjCBn1ueodJvI4VKHPmgmj_GSJcu1EYR_epRj6nerHYqNUG13E42L2vm0xHPUKil3kr4LC1wfEVuRN-0IQlydU39k3UJHk906fBzHG0gUAzzKowQTpLtw_mEEopFLnEnSuq5k4
    headers:
      Connection:
      - Keep-Alive
      Content-Length:
      - '912'
      Content-Type:
      - text/plain; charset=UTF-8
      Date:
      - Tue, 01 Mar 2022 20:39:56 GMT
      Keep-Alive:
      - timeout=5, max=100
      Server:
      - Apache
      Service-Worker-Allowed:
      - /
      Strict-Transport-Security:
      - max-age=31536000; includeSubDomains
    status:
      code: 200
      message: OK
- request:
    body: '{"batch_start": "2010-01-01T00:00:00+00:00", "batch_end": "2010-01-02T01:00:00+00:00",
      "type": "folders"}'
    headers:
      Accept:
      - '*/*'
      Accept-Encoding:
      - gzip, deflate
      Connection:
      - keep-alive
      Content-Length:
      - '105'
      Content-Type:
      - application/json
      User-Agent:
      - python-requests/2.26.0
      authorization:
      - XXX-Auth
    method: POST
    uri: https://metis.ucsf.edu/mvir1/tail/data
  response:
    body:
      string: ''
    headers:
      Connection:
      - Keep-Alive
      Content-Type:
      - application/x-json-stream
      Date:
      - Tue, 01 Mar 2022 20:40:00 GMT
      Keep-Alive:
      - timeout=5, max=100
      Server:
      - Apache
      Service-Worker-Allowed:
      - /
      Strict-Transport-Security:
      - max-age=31536000; includeSubDomains
      Transfer-Encoding:
      - chunked
    status:
      code: 200
      message: OK
- request:
    body: '{"token_type": "task", "project_name": "mvir1", "ready_only": true}'
    headers:
      Accept:
      - '*/*'
      Accept-Encoding:
      - gzip, deflate
      Connection:
      - keep-alive
      Content-Length:
      - '67'
      Content-Type:
      - application/json
      User-Agent:
      - python-requests/2.26.0
      authorization:
      - XXX-Auth
    method: POST
    uri: https://janus.ucsf.edu/api/tokens/generate
  response:
    body:
      string: eyJhbGciOiJSUzI1NiJ9.eyJlbWFpbCI6InphY2hhcnkuY29sbGluc0B1Y3NmLmVkdSIsIm5hbWUiOiJaYWNoYXJ5IENvbGxpbnMiLCJwZXJtIjoiZTptdmlyMSIsImZsYWdzIjoiaW5nZXN0O3Z1bGNhbjt0aW11cmFkdmFuY2VkO3F1ZXJ5cGxvdCIsImV4cCI6MTY0Njc3MjAwNCwidGFzayI6dHJ1ZX0.2MtFk3siU0_sPQcCt1UyVK5kj5WD8EMoGK9V8VRa5c2slwp_pp0nQKYTQwnonbNjyV98dldczd6QstP1I6rBNgH9CPQ-rJoQA5Eey6QZxfP34n7PQGnwVHwJhwhX-RefISQ6aBOBS1zFkwhBliGomnbnI_iKZuWPGhC7_EoHF5_zxA1r9DDtUGanHJnEbSIf0v-5ZANDmSyJOfSfZtwDpQ9ZIRi2Cy6dOFMv5qInqYN0X3xzMYZt4bpTfYGCZ64MzIvP7jojBA17IhHtz0iXU82wyegu-xKNylWb50UXxnrDyHILcks9E1qwseMrfftmjpr2lB8uS9P3yWz15Fg1djmdL0kQJiVNpjGFsGx9zwjZhs2p_aR4Kk_fEqIWWatO9jhyFhQfVLbGMCyZM6BWYrmCzLrYey-Gn8bRyucReeTYTwzNfsLjhHh0SylhpHeqH3TIhV8O2778oPXJW67lllwY1SW4z4A0exHZOaPt-13bsg6dNxYn69T2C-P_--qzffSOznDfRYEJXfbFkGX04jZ8-rxaL0ireZCl7X6hskyNgDT9U6Vl2lNtrX30L1_3iCcoZeeGCve69NUOjf9EwA7104gM-OMOtLsXViS52wijihY3iSHQ2xUqrwKvTlByXqXS61d8SnYQSgEwDesRrGeeHzWF1MEthiMDBCEkDQE
    headers:
      Connection:
      - Keep-Alive
      Content-Length:
      - '912'
      Content-Type:
      - text/plain; charset=UTF-8
      Date:
      - Tue, 01 Mar 2022 20:40:04 GMT
      Keep-Alive:
      - timeout=5, max=100
      Server:
      - Apache
      Service-Worker-Allowed:
      - /
      Strict-Transport-Security:
      - max-age=31536000; includeSubDomains
    status:
      code: 200
      message: OK
- request:
    body: '{"batch_start": "2010-01-01T00:00:00+00:00", "batch_end": "2010-01-02T01:00:00+00:00",
      "type": "files"}'
    headers:
      Accept:
      - '*/*'
      Accept-Encoding:
      - gzip, deflate
      Connection:
      - keep-alive
      Content-Length:
      - '103'
      Content-Type:
      - application/json
      User-Agent:
      - python-requests/2.26.0
      authorization:
      - XXX-Auth
    method: POST
    uri: https://metis.ucsf.edu/mvir1/tail/data
  response:
    body:
      string: ''
    headers:
      Connection:
      - Keep-Alive
      Content-Type:
      - application/x-json-stream
      Date:
      - Tue, 01 Mar 2022 20:40:08 GMT
      Keep-Alive:
      - timeout=5, max=100
      Server:
      - Apache
      Service-Worker-Allowed:
      - /
      Strict-Transport-Security:
      - max-age=31536000; includeSubDomains
      Transfer-Encoding:
      - chunked
    status:
      code: 200
      message: OK
- request:
    body: null
    headers:
      Accept:
      - '*/*'
      Accept-Encoding:
      - gzip, deflate
      Connection:
      - keep-alive
      User-Agent:
      - docker-sdk-python/5.0.3
    method: GET
    uri: http://localhost:8085/version
  response:
    body:
      string: '{"Platform":{"Name":""},"Components":[{"Name":"Engine","Version":"19.03.12","Details":{"ApiVersion":"1.40","Arch":"amd64","BuildTime":"1980-01-01T00:00:00.000000000+00:00","Experimental":"true","GitCommit":"v19.03.12","GoVersion":"go1.15.13","KernelVersion":"5.4.122","MinAPIVersion":"1.12","Os":"linux"}},{"Name":"containerd","Version":"v1.4.6","Details":{"GitCommit":"d71fcd7d8303cbf684402823e425e9dd2e99285d"}},{"Name":"runc","Version":"1.0.0-rc10","Details":{"GitCommit":""}},{"Name":"docker-init","Version":"0.18.0","Details":{"GitCommit":""}}],"Version":"19.03.12","ApiVersion":"1.40","MinAPIVersion":"1.12","GitCommit":"v19.03.12","GoVersion":"go1.15.13","Os":"linux","Arch":"amd64","KernelVersion":"5.4.122","Experimental":true,"BuildTime":"1980-01-01T00:00:00.000000000+00:00"}

        '
    headers:
      Api-Version:
      - '1.40'
      Content-Length:
      - '787'
      Content-Type:
      - application/json
      Date:
      - Tue, 01 Mar 2022 20:40:08 GMT
      Docker-Experimental:
      - 'true'
      Ostype:
      - linux
      Server:
      - Docker/19.03.12 (linux)
    status:
      code: 200
      message: OK
- request:
    body: null
    headers:
      Accept:
      - '*/*'
      Accept-Encoding:
      - gzip, deflate
      Connection:
      - keep-alive
      User-Agent:
      - docker-sdk-python/5.0.3
    method: GET
    uri: http://localhost:8085/v1.40/containers/monoetna_polyphemus_app_1/json
  response:
    body:
      string: '{"Id":"5cb36496f67e2ce08f9804e5f2e91d36e862951f4162a61d4bbcd69929165caa","Created":"2022-03-01T20:03:39.524517638Z","Path":"/entrypoints/development.sh","Args":["./bin/puma.sh"],"State":{"Status":"running","Running":true,"Paused":false,"Restarting":false,"OOMKilled":false,"Dead":false,"Pid":17468,"ExitCode":0,"Error":"","StartedAt":"2022-03-01T20:03:39.870469666Z","FinishedAt":"0001-01-01T00:00:00Z"},"Image":"sha256:6dc32a34e682120d8335117f326c175d8f94ee979f1d0bbd072ff679ca1bc149","ResolvConfPath":"/var/lib/docker/containers/5cb36496f67e2ce08f9804e5f2e91d36e862951f4162a61d4bbcd69929165caa/resolv.conf","HostnamePath":"/var/lib/docker/containers/5cb36496f67e2ce08f9804e5f2e91d36e862951f4162a61d4bbcd69929165caa/hostname","HostsPath":"/var/lib/docker/containers/5cb36496f67e2ce08f9804e5f2e91d36e862951f4162a61d4bbcd69929165caa/hosts","LogPath":"","Name":"/monoetna_polyphemus_app_1","RestartCount":0,"Driver":"overlay2","Platform":"linux","MountLabel":"","ProcessLabel":"","AppArmorProfile":"","ExecIDs":null,"HostConfig":{"Binds":["monoetna_polyphemus-log-dir:/app/log:rw","/home/home/monoetna/polyphemus:/app:delegated","monoetna_polyphemus-opt-dir:/usr/opt:rw","/home/home/monoetna/etna:/etna:delegated","monoetna_polyphemus-data-dir:/app/data:rw","monoetna_polyphemus-public-dir:/app/public:rw","monoetna_polyphemus-tmp-dir:/app/tmp:rw","monoetna_polyphemus-node-modules:/app/node_modules:rw","monoetna_polyphemus-app-gems:/app/vendor/bundle:rw","/tmp/metrics.prom:/tmp/metrics.prom:rw","monoetna_polyphemus-ssh-dir:/root/.ssh:rw"],"ContainerIDFile":"","LogConfig":{"Type":"journald","Config":{}},"NetworkMode":"monoetna_default","PortBindings":{},"RestartPolicy":{"Name":"","MaximumRetryCount":0},"AutoRemove":false,"VolumeDriver":"","VolumesFrom":[],"CapAdd":null,"CapDrop":null,"Capabilities":null,"Dns":null,"DnsOptions":null,"DnsSearch":null,"ExtraHosts":["metis.development.local:172.16.238.10","magma.development.local:172.16.238.10","janus.development.local:172.16.238.10","timur.development.local:172.16.238.10","rtemis.development.local:172.16.238.10","archimedes.development.local:172.16.238.10","polyphemus.development.local:172.16.238.10"],"GroupAdd":null,"IpcMode":"shareable","Cgroup":"","Links":null,"OomScoreAdj":0,"PidMode":"","Privileged":false,"PublishAllPorts":false,"ReadonlyRootfs":false,"SecurityOpt":null,"UTSMode":"","UsernsMode":"","ShmSize":67108864,"Runtime":"runc","ConsoleSize":[0,0],"Isolation":"","CpuShares":0,"Memory":0,"NanoCpus":0,"CgroupParent":"","BlkioWeight":0,"BlkioWeightDevice":null,"BlkioDeviceReadBps":null,"BlkioDeviceWriteBps":null,"BlkioDeviceReadIOps":null,"BlkioDeviceWriteIOps":null,"CpuPeriod":0,"CpuQuota":0,"CpuRealtimePeriod":0,"CpuRealtimeRuntime":0,"CpusetCpus":"","CpusetMems":"","Devices":null,"DeviceCgroupRules":null,"DeviceRequests":null,"KernelMemory":0,"KernelMemoryTCP":0,"MemoryReservation":0,"MemorySwap":0,"MemorySwappiness":null,"OomKillDisable":false,"PidsLimit":null,"Ulimits":null,"CpuCount":0,"CpuPercent":0,"IOMaximumIOps":0,"IOMaximumBandwidth":0,"MaskedPaths":["/proc/asound","/proc/acpi","/proc/kcore","/proc/keys","/proc/latency_stats","/proc/timer_list","/proc/timer_stats","/proc/sched_debug","/proc/scsi","/sys/firmware"],"ReadonlyPaths":["/proc/bus","/proc/fs","/proc/irq","/proc/sys","/proc/sysrq-trigger"]},"GraphDriver":{"Data":{"LowerDir":"/var/lib/docker/overlay2/77ad50a077828da5808d3260cc2fe7bfbfeada4348d9fc253c78ee1e345ac6f9-init/diff:/var/lib/docker/overlay2/11e209ad3cd3439eb4195241e5009ec0f3ef3af323a7773ba87c4b43161abd3f/diff:/var/lib/docker/overlay2/26e2ebbf60f706c3a592c3bfde425132fc7ae7c25eb6d79a52c06b234da39627/diff:/var/lib/docker/overlay2/86aa89e5f790461b18fd0e3d5b8ee0a7e287fe76c95427a4754d04e1b829eda6/diff:/var/lib/docker/overlay2/7bee8c07fc99277daf5d5196f7f2e7ddd53e8e2484b8187146b64b4cb885e7ba/diff:/var/lib/docker/overlay2/3e418be66bb337b2d953c04a27ef49e26261323ce7b346745401a04b0808f322/diff:/var/lib/docker/overlay2/e9dd2aeee6af49da6c196f12dbd16e6634eb9edbb7c08eebe0a7ee9db84899b6/diff:/var/lib/docker/overlay2/011edf10d820f653106b81b5bdc10bd1eda41aa02cb5b90df8a5217522ed9c62/diff:/var/lib/docker/overlay2/1046f4b3823b6ba2a02c709d6425ec423719ad730116002af9eab6c7b37fa117/diff:/var/lib/docker/overlay2/046e4535b94d0e187bde7eb2cc3a017e3022eaea3687354cda645936de1b2fc4/diff:/var/lib/docker/overlay2/5dcc9654c63c420c532e6c7c2db53d1a749da38416506c21710aad66c613ee4e/diff:/var/lib/docker/overlay2/0b8520b2a9d33e50caef9ca91dce48995d1140016d90520f4775972ac285c9aa/diff:/var/lib/docker/overlay2/aaf7ca3757aecf5365283e86928b91fe59ad510a3b5fa2d04bf489463932b6da/diff:/var/lib/docker/overlay2/da81a09e79dd7c0a13a82a7e693967ef7e08ce27b4d259c7fea27be0e8859b13/diff:/var/lib/docker/overlay2/ee495c0968fa49ea24631c6e5f3ee6da63ebb68cf27b1e307c74b6ce61d4acdf/diff:/var/lib/docker/overlay2/980501a5851077f3dee6ecbfa78c05043a0919b339478e7d823ef12754fff010/diff:/var/lib/docker/overlay2/2f3c09d962b5ec157db70dc7f71a205805219b8444d69a17d20cb95368af8dcd/diff:/var/lib/docker/overlay2/bb2fd16935716194e60293e90775dc04b6f1d873e32e66899182e907368fe508/diff:/var/lib/docker/overlay2/a416035c780e069c213e0357ff068498c2b2e173320696d23591b2460984f232/diff:/var/lib/docker/overlay2/c310a08347b1807ec6425b010144cbd42406c63e93d35dd9694427a7ab404e9a/diff:/var/lib/docker/overlay2/528b2790dd2b01f8a0e2dbd99e8dec227fbcc0566353eda8e8abe861ec1551bf/diff:/var/lib/docker/overlay2/82a7d60aea5e7ab0a9233c008718e36c4a42ace161d3c033bda8723fc3dc29f8/diff:/var/lib/docker/overlay2/6eeffa50a043d52e930584de0899433e400635f5228e0fce31b85faf968eebb9/diff:/var/lib/docker/overlay2/ddffa27edce00e21b810b851b7b4bc1a51cb84904e2c353348d52c38427d761f/diff:/var/lib/docker/overlay2/1bb4f72cbcd5928bb63a662b841fd5af9d49ece8aa8d176a151180086cc25b38/diff:/var/lib/docker/overlay2/9b40c0afe8036c2f368d4f569e5aa943d0b65096a156d1217a0e3d622e3ed78c/diff:/var/lib/docker/overlay2/9ccd149f25ea7e4b9ea0c34ab9ca26171bf0b5dcc362895d97f527beb727158f/diff:/var/lib/docker/overlay2/27f75d3b9f43747c8e64367c753864c91f91c044cc89326d022d2fdb72479548/diff:/var/lib/docker/overlay2/4d09067d26fbe5b11b0e6294328f85ad32104ecd957d27234dfd0553d44bc84c/diff:/var/lib/docker/overlay2/269da5fe85241a4d830c9b1cf04bb2003e2c9852d3c728f4af2b0c138ebebb44/diff:/var/lib/docker/overlay2/0807cf9a44ae09d3cc733c9856d53df978af94ad6793594feaa481821a9bb811/diff:/var/lib/docker/overlay2/7a345adb47095301698bf6ea344d9bae5ac7c0d4177f47a119c82111b3dac6ae/diff","MergedDir":"/var/lib/docker/overlay2/77ad50a077828da5808d3260cc2fe7bfbfeada4348d9fc253c78ee1e345ac6f9/merged","UpperDir":"/var/lib/docker/overlay2/77ad50a077828da5808d3260cc2fe7bfbfeada4348d9fc253c78ee1e345ac6f9/diff","WorkDir":"/var/lib/docker/overlay2/77ad50a077828da5808d3260cc2fe7bfbfeada4348d9fc253c78ee1e345ac6f9/work"},"Name":"overlay2"},"Mounts":[{"Type":"volume","Name":"monoetna_polyphemus-public-dir","Source":"/var/lib/docker/volumes/monoetna_polyphemus-public-dir/_data","Destination":"/app/public","Driver":"local","Mode":"rw","RW":true,"Propagation":""},{"Type":"volume","Name":"monoetna_polyphemus-tmp-dir","Source":"/var/lib/docker/volumes/monoetna_polyphemus-tmp-dir/_data","Destination":"/app/tmp","Driver":"local","Mode":"rw","RW":true,"Propagation":""},{"Type":"volume","Name":"monoetna_polyphemus-app-gems","Source":"/var/lib/docker/volumes/monoetna_polyphemus-app-gems/_data","Destination":"/app/vendor/bundle","Driver":"local","Mode":"rw","RW":true,"Propagation":""},{"Type":"bind","Source":"/tmp/metrics.prom","Destination":"/tmp/metrics.prom","Mode":"rw","RW":true,"Propagation":"rprivate"},{"Type":"volume","Name":"monoetna_polyphemus-log-dir","Source":"/var/lib/docker/volumes/monoetna_polyphemus-log-dir/_data","Destination":"/app/log","Driver":"local","Mode":"rw","RW":true,"Propagation":""},{"Type":"bind","Source":"/home/home/monoetna/polyphemus","Destination":"/app","Mode":"delegated","RW":true,"Propagation":"rprivate"},{"Type":"volume","Name":"monoetna_polyphemus-opt-dir","Source":"/var/lib/docker/volumes/monoetna_polyphemus-opt-dir/_data","Destination":"/usr/opt","Driver":"local","Mode":"rw","RW":true,"Propagation":""},{"Type":"bind","Source":"/home/home/monoetna/etna","Destination":"/etna","Mode":"delegated","RW":true,"Propagation":"rprivate"},{"Type":"volume","Name":"monoetna_polyphemus-data-dir","Source":"/var/lib/docker/volumes/monoetna_polyphemus-data-dir/_data","Destination":"/app/data","Driver":"local","Mode":"rw","RW":true,"Propagation":""},{"Type":"volume","Name":"monoetna_polyphemus-node-modules","Source":"/var/lib/docker/volumes/monoetna_polyphemus-node-modules/_data","Destination":"/app/node_modules","Driver":"local","Mode":"rw","RW":true,"Propagation":""},{"Type":"volume","Name":"monoetna_polyphemus-ssh-dir","Source":"/var/lib/docker/volumes/monoetna_polyphemus-ssh-dir/_data","Destination":"/root/.ssh","Driver":"local","Mode":"rw","RW":true,"Propagation":""}],"Config":{"Hostname":"5cb36496f67e","Domainname":"","User":"","AttachStdin":false,"AttachStdout":false,"AttachStderr":false,"Tty":false,"OpenStdin":false,"StdinOnce":false,"Env":["POLYPHEMUS_ENV=development","APP_NAME=polyphemus","PATH=/app/bin:/app/node_modules/.bin:/app/vendor/bundle/ruby/2.5.0/bin:/usr/local/bundle/bin:/usr/local/sbin:/usr/local/bin:/usr/sbin:/usr/bin:/sbin:/bin:/home/aspera/.aspera/connect/bin","LANG=C.UTF-8","RUBY_MAJOR=2.5","RUBY_VERSION=2.5.9","RUBY_DOWNLOAD_SHA256=a87f2fa901408cc77652c1a55ff976695bbe54830ff240e370039eca14b358f0","RUBYGEMS_VERSION=3.0.3","GEM_HOME=/app/vendor/bundle","BUNDLE_SILENCE_ROOT_WARNING=0","BUNDLE_APP_CONFIG=/app/.bundle","DOCKER_VERSION=20.10.6","RUBY_MAJOR_VERSION=2.5.0","BUNDLER_VERSION_=2.3.3","DOCKERIZE_VERSION=0.5.0","NODE_VERSION=12.18.1","DOCKERIZE_URL=https://github.com/jwilder/dockerize/releases/download/v0.5.0/dockerize-linux-amd64-v0.5.0.tar.gz","RACK_ENV=development","BUNDLE_PATH=/app/vendor/bundle","BUNDLE_BIN=/app/vendor/bundle/ruby/2.5.0/bin","BUNDLE_GEMFILE=/app/Gemfile","GEM_PATH=/root/.gem/ruby/2.5.0:/usr/local/lib/ruby/gems/2.5.0:/usr/local/bundle:/app/vendor/bundle/ruby/2.5.0"],"Cmd":["./bin/puma.sh"],"Image":"etna-base-dev","Volumes":{"/app":{},"/app/data":{},"/app/log":{},"/app/node_modules":{},"/app/public":{},"/app/tmp":{},"/app/vendor/bundle":{},"/etna":{},"/root/.ssh":{},"/tmp/metrics.prom":{},"/usr/opt":{}},"WorkingDir":"/app","Entrypoint":["/entrypoints/development.sh"],"OnBuild":null,"Labels":{"com.docker.compose.config-hash":"2e96f2094d4dfb6c4db931223bcb4417ac3f4deddef1b2d08f2bc0f0bc025e67","com.docker.compose.container-number":"1","com.docker.compose.oneoff":"False","com.docker.compose.project":"monoetna","com.docker.compose.project.config_files":"docker-compose.yml","com.docker.compose.project.working_dir":"/home/home/monoetna/polyphemus","com.docker.compose.service":"polyphemus_app","com.docker.compose.version":"1.26.2","edu.ucsf.mountetna.version":"df5b4bb93"}},"NetworkSettings":{"Bridge":"","SandboxID":"da702eb47244e7257eb96791b9515d34b2dbdbb0ea901fb2feefa608d59ed2ff","HairpinMode":false,"LinkLocalIPv6Address":"","LinkLocalIPv6PrefixLen":0,"Ports":{},"SandboxKey":"/var/run/docker/netns/da702eb47244","SecondaryIPAddresses":null,"SecondaryIPv6Addresses":null,"EndpointID":"","Gateway":"","GlobalIPv6Address":"","GlobalIPv6PrefixLen":0,"IPAddress":"","IPPrefixLen":0,"IPv6Gateway":"","MacAddress":"","Networks":{"monoetna_default":{"IPAMConfig":null,"Links":null,"Aliases":["5cb36496f67e","polyphemus_app"],"NetworkID":"a148750d50ef42ae11b2090eeccbe4508f514f1874d6580cf8163631937d3599","EndpointID":"1717dee6c57741d5745a57d67d0b0fc8c04859713462e6574188786553c49893","Gateway":"172.22.0.1","IPAddress":"172.22.0.12","IPPrefixLen":16,"IPv6Gateway":"","GlobalIPv6Address":"","GlobalIPv6PrefixLen":0,"MacAddress":"02:42:ac:16:00:0c","DriverOpts":null},"monoetna_edge_net":{"IPAMConfig":null,"Links":null,"Aliases":["5cb36496f67e","polyphemus_app"],"NetworkID":"b4ff9ae4107d239671566b2c3186fc695d4df07e4b9ebee7053f62f017fb6ac2","EndpointID":"c5254d24fd4d89b5e81d2eec41508c946954541896467ac8f8418e1fbec1d682","Gateway":"172.16.238.1","IPAddress":"172.16.238.6","IPPrefixLen":24,"IPv6Gateway":"","GlobalIPv6Address":"","GlobalIPv6PrefixLen":0,"MacAddress":"02:42:ac:10:ee:06","DriverOpts":null}}}}

        '
    headers:
      Api-Version:
      - '1.40'
      Content-Type:
      - application/json
      Date:
      - Tue, 01 Mar 2022 20:40:08 GMT
      Docker-Experimental:
      - 'true'
      Ostype:
      - linux
      Server:
      - Docker/19.03.12 (linux)
      Transfer-Encoding:
      - chunked
    status:
      code: 200
      message: OK
- request:
    body: null
    headers:
      Accept:
      - '*/*'
      Accept-Encoding:
      - gzip, deflate
      Connection:
      - keep-alive
      User-Agent:
      - docker-sdk-python/5.0.3
    method: GET
    uri: http://localhost:8085/v1.40/containers/DockerOperator_b7b096a1c123785e34dfa9328486a76d/json
  response:
    body:
      string: '{"message":"No such container: DockerOperator_b7b096a1c123785e34dfa9328486a76d"}

        '
    headers:
      Api-Version:
      - '1.40'
      Content-Length:
      - '81'
      Content-Type:
      - application/json
      Date:
      - Tue, 01 Mar 2022 20:40:08 GMT
      Docker-Experimental:
      - 'true'
      Ostype:
      - linux
      Server:
      - Docker/19.03.12 (linux)
    status:
      code: 404
      message: Not Found
- request:
    body: '{"Tty": false, "OpenStdin": false, "StdinOnce": false, "AttachStdin": false,
      "AttachStdout": true, "AttachStderr": true, "Env": ["POLYPHEMUS_ENV=development",
      "APP_NAME=polyphemus", "PATH=/app/bin:/app/node_modules/.bin:/app/vendor/bundle/ruby/2.5.0/bin:/usr/local/bundle/bin:/usr/local/sbin:/usr/local/bin:/usr/sbin:/usr/bin:/sbin:/bin:/home/aspera/.aspera/connect/bin",
      "LANG=C.UTF-8", "RUBY_MAJOR=2.5", "RUBY_VERSION=2.5.9", "RUBY_DOWNLOAD_SHA256=a87f2fa901408cc77652c1a55ff976695bbe54830ff240e370039eca14b358f0",
      "RUBYGEMS_VERSION=3.0.3", "GEM_HOME=/app/vendor/bundle", "BUNDLE_SILENCE_ROOT_WARNING=0",
      "BUNDLE_APP_CONFIG=/app/.bundle", "DOCKER_VERSION=20.10.6", "RUBY_MAJOR_VERSION=2.5.0",
      "BUNDLER_VERSION_=2.3.3", "DOCKERIZE_VERSION=0.5.0", "NODE_VERSION=12.18.1",
      "DOCKERIZE_URL=https://github.com/jwilder/dockerize/releases/download/v0.5.0/dockerize-linux-amd64-v0.5.0.tar.gz",
      "RACK_ENV=development", "BUNDLE_PATH=/app/vendor/bundle", "BUNDLE_BIN=/app/vendor/bundle/ruby/2.5.0/bin",
      "BUNDLE_GEMFILE=/app/Gemfile", "GEM_PATH=/root/.gem/ruby/2.5.0:/usr/local/lib/ruby/gems/2.5.0:/usr/local/bundle:/app/vendor/bundle/ruby/2.5.0"],
      "Cmd": ["cat", "/task_token"], "Image": "sha256:6dc32a34e682120d8335117f326c175d8f94ee979f1d0bbd072ff679ca1bc149",
      "NetworkDisabled": false, "Entrypoint": ["/entrypoints/development.sh"], "HostConfig":
      {"Binds": ["monoetna_polyphemus-log-dir:/app/log:rw", "/home/home/monoetna/polyphemus:/app:delegated",
      "monoetna_polyphemus-opt-dir:/usr/opt:rw", "/home/home/monoetna/etna:/etna:delegated",
      "monoetna_polyphemus-data-dir:/app/data:rw", "monoetna_polyphemus-public-dir:/app/public:rw",
      "monoetna_polyphemus-tmp-dir:/app/tmp:rw", "monoetna_polyphemus-node-modules:/app/node_modules:rw",
      "monoetna_polyphemus-app-gems:/app/vendor/bundle:rw", "/tmp/metrics.prom:/tmp/metrics.prom:rw",
      "monoetna_polyphemus-ssh-dir:/root/.ssh:rw", "/tmp/tmp_cfdy3m5:/task_token:ro"],
      "ContainerIDFile": "", "NetworkMode": "monoetna_default", "VolumeDriver": "",
      "VolumesFrom": [], "CapAdd": null, "CapDrop": null, "Capabilities": null, "Dns":
      null, "DnsOptions": null, "DnsSearch": null, "ExtraHosts": ["metis.development.local:172.16.238.10",
      "magma.development.local:172.16.238.10", "janus.development.local:172.16.238.10",
      "timur.development.local:172.16.238.10", "rtemis.development.local:172.16.238.10",
      "archimedes.development.local:172.16.238.10", "polyphemus.development.local:172.16.238.10"],
      "GroupAdd": null, "IpcMode": "shareable", "Cgroup": "", "Links": null, "OomScoreAdj":
      0, "PidMode": "", "Privileged": false, "PublishAllPorts": false, "ReadonlyRootfs":
      false, "SecurityOpt": null, "UTSMode": "", "UsernsMode": "", "ShmSize": 67108864,
      "Runtime": "runc", "ConsoleSize": [0, 0], "Isolation": "", "CpuShares": 0, "Memory":
      0, "NanoCpus": 0, "CgroupParent": "", "BlkioWeight": 0, "BlkioWeightDevice":
      null, "BlkioDeviceReadBps": null, "BlkioDeviceWriteBps": null, "BlkioDeviceReadIOps":
      null, "BlkioDeviceWriteIOps": null, "CpuPeriod": 0, "CpuQuota": 0, "CpuRealtimePeriod":
      0, "CpuRealtimeRuntime": 0, "CpusetCpus": "", "CpusetMems": "", "Devices": null,
      "DeviceCgroupRules": null, "DeviceRequests": null, "KernelMemory": 0, "KernelMemoryTCP":
      0, "MemoryReservation": 0, "MemorySwap": 0, "MemorySwappiness": null, "OomKillDisable":
      false, "PidsLimit": null, "Ulimits": null, "CpuCount": 0, "CpuPercent": 0, "IOMaximumIOps":
      0, "IOMaximumBandwidth": 0, "MaskedPaths": ["/proc/asound", "/proc/acpi", "/proc/kcore",
      "/proc/keys", "/proc/latency_stats", "/proc/timer_list", "/proc/timer_stats",
      "/proc/sched_debug", "/proc/scsi", "/sys/firmware"], "ReadonlyPaths": ["/proc/bus",
      "/proc/fs", "/proc/irq", "/proc/sys", "/proc/sysrq-trigger"]}, "Labels": {"etna.operators.docker_operator.container":
      "true"}}'
    headers:
      Accept:
      - '*/*'
      Accept-Encoding:
      - gzip, deflate
      Connection:
      - keep-alive
      Content-Length:
      - '3733'
      Content-Type:
      - application/json
      User-Agent:
      - docker-sdk-python/5.0.3
    method: POST
    uri: http://localhost:8085/v1.40/containers/create?name=DockerOperator_b7b096a1c123785e34dfa9328486a76d
  response:
    body:
      string: '{"Id":"5570215b785f483cfb8a376fb0aa592542b362d098cc2ecbaf4640842df31d2f","Warnings":[]}

        '
    headers:
      Api-Version:
      - '1.40'
      Content-Length:
      - '88'
      Content-Type:
      - application/json
      Date:
      - Tue, 01 Mar 2022 20:40:08 GMT
      Docker-Experimental:
      - 'true'
      Ostype:
      - linux
      Server:
      - Docker/19.03.12 (linux)
    status:
      code: 201
      message: Created
- request:
    body: '{"Container": "5570215b785f483cfb8a376fb0aa592542b362d098cc2ecbaf4640842df31d2f",
      "EndpointConfig": {}}'
    headers:
      Accept:
      - '*/*'
      Accept-Encoding:
      - gzip, deflate
      Connection:
      - keep-alive
      Content-Length:
      - '103'
      Content-Type:
      - application/json
      User-Agent:
      - docker-sdk-python/5.0.3
    method: POST
    uri: http://localhost:8085/v1.40/networks/a148750d50ef42ae11b2090eeccbe4508f514f1874d6580cf8163631937d3599/connect
  response:
    body:
      string: ''
    headers:
      Api-Version:
      - '1.40'
      Content-Length:
      - '0'
      Date:
      - Tue, 01 Mar 2022 20:40:08 GMT
      Docker-Experimental:
      - 'true'
      Ostype:
      - linux
      Server:
      - Docker/19.03.12 (linux)
    status:
      code: 200
      message: OK
- request:
    body: '{"Container": "5570215b785f483cfb8a376fb0aa592542b362d098cc2ecbaf4640842df31d2f",
      "EndpointConfig": {}}'
    headers:
      Accept:
      - '*/*'
      Accept-Encoding:
      - gzip, deflate
      Connection:
      - keep-alive
      Content-Length:
      - '103'
      Content-Type:
      - application/json
      User-Agent:
      - docker-sdk-python/5.0.3
    method: POST
    uri: http://localhost:8085/v1.40/networks/b4ff9ae4107d239671566b2c3186fc695d4df07e4b9ebee7053f62f017fb6ac2/connect
  response:
    body:
      string: ''
    headers:
      Api-Version:
      - '1.40'
      Content-Length:
      - '0'
      Date:
      - Tue, 01 Mar 2022 20:40:08 GMT
      Docker-Experimental:
      - 'true'
      Ostype:
      - linux
      Server:
      - Docker/19.03.12 (linux)
    status:
      code: 200
      message: OK
- request:
    body: null
    headers:
      Accept:
      - '*/*'
      Accept-Encoding:
      - gzip, deflate
      Connection:
      - keep-alive
      Content-Length:
      - '0'
      User-Agent:
      - docker-sdk-python/5.0.3
    method: POST
    uri: http://localhost:8085/v1.40/containers/5570215b785f483cfb8a376fb0aa592542b362d098cc2ecbaf4640842df31d2f/start
  response:
    body:
      string: ''
    headers:
      Api-Version:
      - '1.40'
      Date:
      - Tue, 01 Mar 2022 20:40:09 GMT
      Docker-Experimental:
      - 'true'
      Ostype:
      - linux
      Server:
      - Docker/19.03.12 (linux)
    status:
      code: 204
      message: No Content
- request:
    body: null
    headers:
      Accept:
      - '*/*'
      Accept-Encoding:
      - gzip, deflate
      Connection:
      - keep-alive
      User-Agent:
      - docker-sdk-python/5.0.3
    method: GET
    uri: http://localhost:8085/v1.40/containers/DockerOperator_b7b096a1c123785e34dfa9328486a76d/logs?stderr=1&stdout=1&timestamps=1&follow=0&tail=all&since=1
  response:
    body:
      string: "\x02\0\0\0\0\0\022022-03-01T20:40:09.198115000Z ++ echo polyphemus\n\x02\0\0\0\0\0\052022-03-01T20:40:09.199038000Z
        ++ tr '[a-z]' '[A-Z]'\n\x02\0\0\0\0\0\0A2022-03-01T20:40:09.200406000Z + app_name_capitalized=POLYPHEMUS\n\x02\0\0\0\0\0\0/2022-03-01T20:40:09.200526000Z
        + '[' -z '' ']'\n\x02\0\0\0\0\0\072022-03-01T20:40:09.200576000Z + /entrypoints/build.sh\n\x02\0\0\0\0\0\082022-03-01T20:40:09.202306000Z
        + mkdir -p /app/tmp/pids\n\x02\0\0\0\0\0\092022-03-01T20:40:09.206004000Z
        + mkdir -p /app/public/js\n\x02\0\0\0\0\0\0:2022-03-01T20:40:09.207490000Z
        + mkdir -p /app/public/css\n\x02\0\0\0\0\0\0=2022-03-01T20:40:09.212476000Z
        + mkdir -p /app/public/images\n\x02\0\0\0\0\0\032022-03-01T20:40:09.213517000Z
        + mkdir -p /app/log\n\x02\0\0\0\0\0\0=2022-03-01T20:40:09.216211000Z + mkdir
        -p /app/vendor/bundle\n\x02\0\0\0\0\0\052022-03-01T20:40:09.217227000Z + mkdir
        -p /app/data/\n\x02\0\0\0\0\0\0=2022-03-01T20:40:09.218370000Z + mkdir -p
        /tmp/metrics.prom/\n\x02\0\0\0\0\0\072022-03-01T20:40:09.219988000Z + chmod
        -R 777 /app/tmp\n\x02\0\0\0\0\0\072022-03-01T20:40:09.221229000Z + chmod -R
        777 /app/log\n\x02\0\0\0\0\0\0A2022-03-01T20:40:09.222052000Z + chmod -R 777
        /tmp/metrics.prom/\n\x02\0\0\0\0\0\032022-03-01T20:40:09.223361000Z + shopt
        -s globstar\n\x02\0\0\0\0\0\0/2022-03-01T20:40:09.223475000Z + '[' -n '' ']'\n\x02\0\0\0\0\0\0/2022-03-01T20:40:09.223518000Z
        + '[' -n '' ']'\n\x02\0\0\0\0\0\0G2022-03-01T20:40:09.223547000Z + ln -sf
        /entrypoints/puma.sh /app/bin/\n\x02\0\0\0\0\0\0;2022-03-01T20:40:09.224667000Z
        + chmod +x /app/bin/puma.sh\n\x02\0\0\0\0\0\072022-03-01T20:40:09.228633000Z
        + '[' -e /app/build ']'\n\x02\0\0\0\0\0\072022-03-01T20:40:09.228744000Z +
        '[' -e config.yml ']'\n\x02\0\0\0\0\0\0/2022-03-01T20:40:09.228862000Z + '['
        -n '' ']'\n\x02\0\0\0\0\0\0e2022-03-01T20:40:09.228928000Z + echo 'for file
        in /app/*.completion; do source $file || true; done'\n\x02\0\0\0\0\0\0E2022-03-01T20:40:09.232344000Z
        + echo 'export PATH=\"/app/bin:$PATH\"'\n\x02\0\0\0\0\0\042022-03-01T20:40:09.232441000Z
        + chmod -R 744 /root\n"
    headers:
      Api-Version:
      - '1.40'
      Date:
      - Tue, 01 Mar 2022 20:40:09 GMT
      Docker-Experimental:
      - 'true'
      Ostype:
      - linux
      Server:
      - Docker/19.03.12 (linux)
      Transfer-Encoding:
      - chunked
    status:
      code: 200
      message: OK
- request:
    body: null
    headers:
      Accept:
      - '*/*'
      Accept-Encoding:
      - gzip, deflate
      Connection:
      - keep-alive
      User-Agent:
      - docker-sdk-python/5.0.3
    method: GET
    uri: http://localhost:8085/v1.40/containers/DockerOperator_b7b096a1c123785e34dfa9328486a76d/json
  response:
    body:
      string: '{"Id":"5570215b785f483cfb8a376fb0aa592542b362d098cc2ecbaf4640842df31d2f","Created":"2022-03-01T20:40:08.867360033Z","Path":"/entrypoints/development.sh","Args":["cat","/task_token"],"State":{"Status":"running","Running":true,"Paused":false,"Restarting":false,"OOMKilled":false,"Dead":false,"Pid":16444,"ExitCode":0,"Error":"","StartedAt":"2022-03-01T20:40:09.196312699Z","FinishedAt":"0001-01-01T00:00:00Z"},"Image":"sha256:6dc32a34e682120d8335117f326c175d8f94ee979f1d0bbd072ff679ca1bc149","ResolvConfPath":"/var/lib/docker/containers/5570215b785f483cfb8a376fb0aa592542b362d098cc2ecbaf4640842df31d2f/resolv.conf","HostnamePath":"/var/lib/docker/containers/5570215b785f483cfb8a376fb0aa592542b362d098cc2ecbaf4640842df31d2f/hostname","HostsPath":"/var/lib/docker/containers/5570215b785f483cfb8a376fb0aa592542b362d098cc2ecbaf4640842df31d2f/hosts","LogPath":"","Name":"/DockerOperator_b7b096a1c123785e34dfa9328486a76d","RestartCount":0,"Driver":"overlay2","Platform":"linux","MountLabel":"","ProcessLabel":"","AppArmorProfile":"","ExecIDs":null,"HostConfig":{"Binds":["monoetna_polyphemus-log-dir:/app/log:rw","/home/home/monoetna/polyphemus:/app:delegated","monoetna_polyphemus-opt-dir:/usr/opt:rw","/home/home/monoetna/etna:/etna:delegated","monoetna_polyphemus-data-dir:/app/data:rw","monoetna_polyphemus-public-dir:/app/public:rw","monoetna_polyphemus-tmp-dir:/app/tmp:rw","monoetna_polyphemus-node-modules:/app/node_modules:rw","monoetna_polyphemus-app-gems:/app/vendor/bundle:rw","/tmp/metrics.prom:/tmp/metrics.prom:rw","monoetna_polyphemus-ssh-dir:/root/.ssh:rw","/tmp/tmp_cfdy3m5:/task_token:ro"],"ContainerIDFile":"","LogConfig":{"Type":"journald","Config":{}},"NetworkMode":"monoetna_default","PortBindings":null,"RestartPolicy":{"Name":"","MaximumRetryCount":0},"AutoRemove":false,"VolumeDriver":"","VolumesFrom":[],"CapAdd":null,"CapDrop":null,"Capabilities":null,"Dns":null,"DnsOptions":null,"DnsSearch":null,"ExtraHosts":["metis.development.local:172.16.238.10","magma.development.local:172.16.238.10","janus.development.local:172.16.238.10","timur.development.local:172.16.238.10","rtemis.development.local:172.16.238.10","archimedes.development.local:172.16.238.10","polyphemus.development.local:172.16.238.10"],"GroupAdd":null,"IpcMode":"shareable","Cgroup":"","Links":null,"OomScoreAdj":0,"PidMode":"","Privileged":false,"PublishAllPorts":false,"ReadonlyRootfs":false,"SecurityOpt":null,"UTSMode":"","UsernsMode":"","ShmSize":67108864,"Runtime":"runc","ConsoleSize":[0,0],"Isolation":"","CpuShares":0,"Memory":0,"NanoCpus":0,"CgroupParent":"","BlkioWeight":0,"BlkioWeightDevice":null,"BlkioDeviceReadBps":null,"BlkioDeviceWriteBps":null,"BlkioDeviceReadIOps":null,"BlkioDeviceWriteIOps":null,"CpuPeriod":0,"CpuQuota":0,"CpuRealtimePeriod":0,"CpuRealtimeRuntime":0,"CpusetCpus":"","CpusetMems":"","Devices":null,"DeviceCgroupRules":null,"DeviceRequests":null,"KernelMemory":0,"KernelMemoryTCP":0,"MemoryReservation":0,"MemorySwap":0,"MemorySwappiness":null,"OomKillDisable":false,"PidsLimit":null,"Ulimits":null,"CpuCount":0,"CpuPercent":0,"IOMaximumIOps":0,"IOMaximumBandwidth":0,"MaskedPaths":["/proc/asound","/proc/acpi","/proc/kcore","/proc/keys","/proc/latency_stats","/proc/timer_list","/proc/timer_stats","/proc/sched_debug","/proc/scsi","/sys/firmware"],"ReadonlyPaths":["/proc/bus","/proc/fs","/proc/irq","/proc/sys","/proc/sysrq-trigger"]},"GraphDriver":{"Data":{"LowerDir":"/var/lib/docker/overlay2/6543806dd625761e2e8c6af40699990ef961283615fc7e9b9d592485a7f8056c-init/diff:/var/lib/docker/overlay2/11e209ad3cd3439eb4195241e5009ec0f3ef3af323a7773ba87c4b43161abd3f/diff:/var/lib/docker/overlay2/26e2ebbf60f706c3a592c3bfde425132fc7ae7c25eb6d79a52c06b234da39627/diff:/var/lib/docker/overlay2/86aa89e5f790461b18fd0e3d5b8ee0a7e287fe76c95427a4754d04e1b829eda6/diff:/var/lib/docker/overlay2/7bee8c07fc99277daf5d5196f7f2e7ddd53e8e2484b8187146b64b4cb885e7ba/diff:/var/lib/docker/overlay2/3e418be66bb337b2d953c04a27ef49e26261323ce7b346745401a04b0808f322/diff:/var/lib/docker/overlay2/e9dd2aeee6af49da6c196f12dbd16e6634eb9edbb7c08eebe0a7ee9db84899b6/diff:/var/lib/docker/overlay2/011edf10d820f653106b81b5bdc10bd1eda41aa02cb5b90df8a5217522ed9c62/diff:/var/lib/docker/overlay2/1046f4b3823b6ba2a02c709d6425ec423719ad730116002af9eab6c7b37fa117/diff:/var/lib/docker/overlay2/046e4535b94d0e187bde7eb2cc3a017e3022eaea3687354cda645936de1b2fc4/diff:/var/lib/docker/overlay2/5dcc9654c63c420c532e6c7c2db53d1a749da38416506c21710aad66c613ee4e/diff:/var/lib/docker/overlay2/0b8520b2a9d33e50caef9ca91dce48995d1140016d90520f4775972ac285c9aa/diff:/var/lib/docker/overlay2/aaf7ca3757aecf5365283e86928b91fe59ad510a3b5fa2d04bf489463932b6da/diff:/var/lib/docker/overlay2/da81a09e79dd7c0a13a82a7e693967ef7e08ce27b4d259c7fea27be0e8859b13/diff:/var/lib/docker/overlay2/ee495c0968fa49ea24631c6e5f3ee6da63ebb68cf27b1e307c74b6ce61d4acdf/diff:/var/lib/docker/overlay2/980501a5851077f3dee6ecbfa78c05043a0919b339478e7d823ef12754fff010/diff:/var/lib/docker/overlay2/2f3c09d962b5ec157db70dc7f71a205805219b8444d69a17d20cb95368af8dcd/diff:/var/lib/docker/overlay2/bb2fd16935716194e60293e90775dc04b6f1d873e32e66899182e907368fe508/diff:/var/lib/docker/overlay2/a416035c780e069c213e0357ff068498c2b2e173320696d23591b2460984f232/diff:/var/lib/docker/overlay2/c310a08347b1807ec6425b010144cbd42406c63e93d35dd9694427a7ab404e9a/diff:/var/lib/docker/overlay2/528b2790dd2b01f8a0e2dbd99e8dec227fbcc0566353eda8e8abe861ec1551bf/diff:/var/lib/docker/overlay2/82a7d60aea5e7ab0a9233c008718e36c4a42ace161d3c033bda8723fc3dc29f8/diff:/var/lib/docker/overlay2/6eeffa50a043d52e930584de0899433e400635f5228e0fce31b85faf968eebb9/diff:/var/lib/docker/overlay2/ddffa27edce00e21b810b851b7b4bc1a51cb84904e2c353348d52c38427d761f/diff:/var/lib/docker/overlay2/1bb4f72cbcd5928bb63a662b841fd5af9d49ece8aa8d176a151180086cc25b38/diff:/var/lib/docker/overlay2/9b40c0afe8036c2f368d4f569e5aa943d0b65096a156d1217a0e3d622e3ed78c/diff:/var/lib/docker/overlay2/9ccd149f25ea7e4b9ea0c34ab9ca26171bf0b5dcc362895d97f527beb727158f/diff:/var/lib/docker/overlay2/27f75d3b9f43747c8e64367c753864c91f91c044cc89326d022d2fdb72479548/diff:/var/lib/docker/overlay2/4d09067d26fbe5b11b0e6294328f85ad32104ecd957d27234dfd0553d44bc84c/diff:/var/lib/docker/overlay2/269da5fe85241a4d830c9b1cf04bb2003e2c9852d3c728f4af2b0c138ebebb44/diff:/var/lib/docker/overlay2/0807cf9a44ae09d3cc733c9856d53df978af94ad6793594feaa481821a9bb811/diff:/var/lib/docker/overlay2/7a345adb47095301698bf6ea344d9bae5ac7c0d4177f47a119c82111b3dac6ae/diff","MergedDir":"/var/lib/docker/overlay2/6543806dd625761e2e8c6af40699990ef961283615fc7e9b9d592485a7f8056c/merged","UpperDir":"/var/lib/docker/overlay2/6543806dd625761e2e8c6af40699990ef961283615fc7e9b9d592485a7f8056c/diff","WorkDir":"/var/lib/docker/overlay2/6543806dd625761e2e8c6af40699990ef961283615fc7e9b9d592485a7f8056c/work"},"Name":"overlay2"},"Mounts":[{"Type":"volume","Name":"monoetna_polyphemus-app-gems","Source":"/var/lib/docker/volumes/monoetna_polyphemus-app-gems/_data","Destination":"/app/vendor/bundle","Driver":"local","Mode":"rw","RW":true,"Propagation":""},{"Type":"volume","Name":"monoetna_polyphemus-ssh-dir","Source":"/var/lib/docker/volumes/monoetna_polyphemus-ssh-dir/_data","Destination":"/root/.ssh","Driver":"local","Mode":"rw","RW":true,"Propagation":""},{"Type":"volume","Name":"monoetna_polyphemus-log-dir","Source":"/var/lib/docker/volumes/monoetna_polyphemus-log-dir/_data","Destination":"/app/log","Driver":"local","Mode":"rw","RW":true,"Propagation":""},{"Type":"volume","Name":"monoetna_polyphemus-opt-dir","Source":"/var/lib/docker/volumes/monoetna_polyphemus-opt-dir/_data","Destination":"/usr/opt","Driver":"local","Mode":"rw","RW":true,"Propagation":""},{"Type":"bind","Source":"/home/home/monoetna/etna","Destination":"/etna","Mode":"delegated","RW":true,"Propagation":"rprivate"},{"Type":"volume","Name":"monoetna_polyphemus-data-dir","Source":"/var/lib/docker/volumes/monoetna_polyphemus-data-dir/_data","Destination":"/app/data","Driver":"local","Mode":"rw","RW":true,"Propagation":""},{"Type":"volume","Name":"monoetna_polyphemus-public-dir","Source":"/var/lib/docker/volumes/monoetna_polyphemus-public-dir/_data","Destination":"/app/public","Driver":"local","Mode":"rw","RW":true,"Propagation":""},{"Type":"volume","Name":"monoetna_polyphemus-tmp-dir","Source":"/var/lib/docker/volumes/monoetna_polyphemus-tmp-dir/_data","Destination":"/app/tmp","Driver":"local","Mode":"rw","RW":true,"Propagation":""},{"Type":"bind","Source":"/home/home/monoetna/polyphemus","Destination":"/app","Mode":"delegated","RW":true,"Propagation":"rprivate"},{"Type":"volume","Name":"monoetna_polyphemus-node-modules","Source":"/var/lib/docker/volumes/monoetna_polyphemus-node-modules/_data","Destination":"/app/node_modules","Driver":"local","Mode":"rw","RW":true,"Propagation":""},{"Type":"bind","Source":"/tmp/metrics.prom","Destination":"/tmp/metrics.prom","Mode":"rw","RW":true,"Propagation":"rprivate"},{"Type":"bind","Source":"/tmp/tmp_cfdy3m5","Destination":"/task_token","Mode":"ro","RW":false,"Propagation":"rprivate"}],"Config":{"Hostname":"5570215b785f","Domainname":"","User":"","AttachStdin":false,"AttachStdout":true,"AttachStderr":true,"Tty":false,"OpenStdin":false,"StdinOnce":false,"Env":["POLYPHEMUS_ENV=development","APP_NAME=polyphemus","PATH=/app/bin:/app/node_modules/.bin:/app/vendor/bundle/ruby/2.5.0/bin:/usr/local/bundle/bin:/usr/local/sbin:/usr/local/bin:/usr/sbin:/usr/bin:/sbin:/bin:/home/aspera/.aspera/connect/bin","LANG=C.UTF-8","RUBY_MAJOR=2.5","RUBY_VERSION=2.5.9","RUBY_DOWNLOAD_SHA256=a87f2fa901408cc77652c1a55ff976695bbe54830ff240e370039eca14b358f0","RUBYGEMS_VERSION=3.0.3","GEM_HOME=/app/vendor/bundle","BUNDLE_SILENCE_ROOT_WARNING=0","BUNDLE_APP_CONFIG=/app/.bundle","DOCKER_VERSION=20.10.6","RUBY_MAJOR_VERSION=2.5.0","BUNDLER_VERSION_=2.3.3","DOCKERIZE_VERSION=0.5.0","NODE_VERSION=12.18.1","DOCKERIZE_URL=https://github.com/jwilder/dockerize/releases/download/v0.5.0/dockerize-linux-amd64-v0.5.0.tar.gz","RACK_ENV=development","BUNDLE_PATH=/app/vendor/bundle","BUNDLE_BIN=/app/vendor/bundle/ruby/2.5.0/bin","BUNDLE_GEMFILE=/app/Gemfile","GEM_PATH=/root/.gem/ruby/2.5.0:/usr/local/lib/ruby/gems/2.5.0:/usr/local/bundle:/app/vendor/bundle/ruby/2.5.0"],"Cmd":["cat","/task_token"],"Image":"sha256:6dc32a34e682120d8335117f326c175d8f94ee979f1d0bbd072ff679ca1bc149","Volumes":null,"WorkingDir":"/app","Entrypoint":["/entrypoints/development.sh"],"OnBuild":null,"Labels":{"edu.ucsf.mountetna.version":"df5b4bb93","etna.operators.docker_operator.container":"true"}},"NetworkSettings":{"Bridge":"","SandboxID":"3e7cf0f12c3fd24d8a2c35141c8d84e8173e1785f7aae1e8809a0331d15cbb96","HairpinMode":false,"LinkLocalIPv6Address":"","LinkLocalIPv6PrefixLen":0,"Ports":{},"SandboxKey":"/var/run/docker/netns/3e7cf0f12c3f","SecondaryIPAddresses":null,"SecondaryIPv6Addresses":null,"EndpointID":"","Gateway":"","GlobalIPv6Address":"","GlobalIPv6PrefixLen":0,"IPAddress":"","IPPrefixLen":0,"IPv6Gateway":"","MacAddress":"","Networks":{"monoetna_default":{"IPAMConfig":null,"Links":null,"Aliases":["5570215b785f"],"NetworkID":"a148750d50ef42ae11b2090eeccbe4508f514f1874d6580cf8163631937d3599","EndpointID":"b4b226338f3e5b40a0cf27bbe0d21b4764378c2c3ab75ee3e437e927d1fcf9cf","Gateway":"172.22.0.1","IPAddress":"172.22.0.14","IPPrefixLen":16,"IPv6Gateway":"","GlobalIPv6Address":"","GlobalIPv6PrefixLen":0,"MacAddress":"02:42:ac:16:00:0e","DriverOpts":null},"monoetna_edge_net":{"IPAMConfig":null,"Links":null,"Aliases":["5570215b785f"],"NetworkID":"b4ff9ae4107d239671566b2c3186fc695d4df07e4b9ebee7053f62f017fb6ac2","EndpointID":"654cfe94196065f62e2e2b01bce48cca5a9f630020072d51555fd11dc1e8ef8d","Gateway":"172.16.238.1","IPAddress":"172.16.238.7","IPPrefixLen":24,"IPv6Gateway":"","GlobalIPv6Address":"","GlobalIPv6PrefixLen":0,"MacAddress":"02:42:ac:10:ee:07","DriverOpts":null}}}}

        '
    headers:
      Api-Version:
      - '1.40'
      Content-Type:
      - application/json
      Date:
      - Tue, 01 Mar 2022 20:40:09 GMT
      Docker-Experimental:
      - 'true'
      Ostype:
      - linux
      Server:
      - Docker/19.03.12 (linux)
      Transfer-Encoding:
      - chunked
    status:
      code: 200
      message: OK
- request:
    body: null
    headers:
      Accept:
      - '*/*'
      Accept-Encoding:
      - gzip, deflate
      Connection:
      - keep-alive
      User-Agent:
      - docker-sdk-python/5.0.3
    method: GET
    uri: http://localhost:8085/v1.40/containers/DockerOperator_b7b096a1c123785e34dfa9328486a76d/json
  response:
    body:
      string: '{"Id":"5570215b785f483cfb8a376fb0aa592542b362d098cc2ecbaf4640842df31d2f","Created":"2022-03-01T20:40:08.867360033Z","Path":"/entrypoints/development.sh","Args":["cat","/task_token"],"State":{"Status":"running","Running":true,"Paused":false,"Restarting":false,"OOMKilled":false,"Dead":false,"Pid":16444,"ExitCode":0,"Error":"","StartedAt":"2022-03-01T20:40:09.196312699Z","FinishedAt":"0001-01-01T00:00:00Z"},"Image":"sha256:6dc32a34e682120d8335117f326c175d8f94ee979f1d0bbd072ff679ca1bc149","ResolvConfPath":"/var/lib/docker/containers/5570215b785f483cfb8a376fb0aa592542b362d098cc2ecbaf4640842df31d2f/resolv.conf","HostnamePath":"/var/lib/docker/containers/5570215b785f483cfb8a376fb0aa592542b362d098cc2ecbaf4640842df31d2f/hostname","HostsPath":"/var/lib/docker/containers/5570215b785f483cfb8a376fb0aa592542b362d098cc2ecbaf4640842df31d2f/hosts","LogPath":"","Name":"/DockerOperator_b7b096a1c123785e34dfa9328486a76d","RestartCount":0,"Driver":"overlay2","Platform":"linux","MountLabel":"","ProcessLabel":"","AppArmorProfile":"","ExecIDs":null,"HostConfig":{"Binds":["monoetna_polyphemus-log-dir:/app/log:rw","/home/home/monoetna/polyphemus:/app:delegated","monoetna_polyphemus-opt-dir:/usr/opt:rw","/home/home/monoetna/etna:/etna:delegated","monoetna_polyphemus-data-dir:/app/data:rw","monoetna_polyphemus-public-dir:/app/public:rw","monoetna_polyphemus-tmp-dir:/app/tmp:rw","monoetna_polyphemus-node-modules:/app/node_modules:rw","monoetna_polyphemus-app-gems:/app/vendor/bundle:rw","/tmp/metrics.prom:/tmp/metrics.prom:rw","monoetna_polyphemus-ssh-dir:/root/.ssh:rw","/tmp/tmp_cfdy3m5:/task_token:ro"],"ContainerIDFile":"","LogConfig":{"Type":"journald","Config":{}},"NetworkMode":"monoetna_default","PortBindings":null,"RestartPolicy":{"Name":"","MaximumRetryCount":0},"AutoRemove":false,"VolumeDriver":"","VolumesFrom":[],"CapAdd":null,"CapDrop":null,"Capabilities":null,"Dns":null,"DnsOptions":null,"DnsSearch":null,"ExtraHosts":["metis.development.local:172.16.238.10","magma.development.local:172.16.238.10","janus.development.local:172.16.238.10","timur.development.local:172.16.238.10","rtemis.development.local:172.16.238.10","archimedes.development.local:172.16.238.10","polyphemus.development.local:172.16.238.10"],"GroupAdd":null,"IpcMode":"shareable","Cgroup":"","Links":null,"OomScoreAdj":0,"PidMode":"","Privileged":false,"PublishAllPorts":false,"ReadonlyRootfs":false,"SecurityOpt":null,"UTSMode":"","UsernsMode":"","ShmSize":67108864,"Runtime":"runc","ConsoleSize":[0,0],"Isolation":"","CpuShares":0,"Memory":0,"NanoCpus":0,"CgroupParent":"","BlkioWeight":0,"BlkioWeightDevice":null,"BlkioDeviceReadBps":null,"BlkioDeviceWriteBps":null,"BlkioDeviceReadIOps":null,"BlkioDeviceWriteIOps":null,"CpuPeriod":0,"CpuQuota":0,"CpuRealtimePeriod":0,"CpuRealtimeRuntime":0,"CpusetCpus":"","CpusetMems":"","Devices":null,"DeviceCgroupRules":null,"DeviceRequests":null,"KernelMemory":0,"KernelMemoryTCP":0,"MemoryReservation":0,"MemorySwap":0,"MemorySwappiness":null,"OomKillDisable":false,"PidsLimit":null,"Ulimits":null,"CpuCount":0,"CpuPercent":0,"IOMaximumIOps":0,"IOMaximumBandwidth":0,"MaskedPaths":["/proc/asound","/proc/acpi","/proc/kcore","/proc/keys","/proc/latency_stats","/proc/timer_list","/proc/timer_stats","/proc/sched_debug","/proc/scsi","/sys/firmware"],"ReadonlyPaths":["/proc/bus","/proc/fs","/proc/irq","/proc/sys","/proc/sysrq-trigger"]},"GraphDriver":{"Data":{"LowerDir":"/var/lib/docker/overlay2/6543806dd625761e2e8c6af40699990ef961283615fc7e9b9d592485a7f8056c-init/diff:/var/lib/docker/overlay2/11e209ad3cd3439eb4195241e5009ec0f3ef3af323a7773ba87c4b43161abd3f/diff:/var/lib/docker/overlay2/26e2ebbf60f706c3a592c3bfde425132fc7ae7c25eb6d79a52c06b234da39627/diff:/var/lib/docker/overlay2/86aa89e5f790461b18fd0e3d5b8ee0a7e287fe76c95427a4754d04e1b829eda6/diff:/var/lib/docker/overlay2/7bee8c07fc99277daf5d5196f7f2e7ddd53e8e2484b8187146b64b4cb885e7ba/diff:/var/lib/docker/overlay2/3e418be66bb337b2d953c04a27ef49e26261323ce7b346745401a04b0808f322/diff:/var/lib/docker/overlay2/e9dd2aeee6af49da6c196f12dbd16e6634eb9edbb7c08eebe0a7ee9db84899b6/diff:/var/lib/docker/overlay2/011edf10d820f653106b81b5bdc10bd1eda41aa02cb5b90df8a5217522ed9c62/diff:/var/lib/docker/overlay2/1046f4b3823b6ba2a02c709d6425ec423719ad730116002af9eab6c7b37fa117/diff:/var/lib/docker/overlay2/046e4535b94d0e187bde7eb2cc3a017e3022eaea3687354cda645936de1b2fc4/diff:/var/lib/docker/overlay2/5dcc9654c63c420c532e6c7c2db53d1a749da38416506c21710aad66c613ee4e/diff:/var/lib/docker/overlay2/0b8520b2a9d33e50caef9ca91dce48995d1140016d90520f4775972ac285c9aa/diff:/var/lib/docker/overlay2/aaf7ca3757aecf5365283e86928b91fe59ad510a3b5fa2d04bf489463932b6da/diff:/var/lib/docker/overlay2/da81a09e79dd7c0a13a82a7e693967ef7e08ce27b4d259c7fea27be0e8859b13/diff:/var/lib/docker/overlay2/ee495c0968fa49ea24631c6e5f3ee6da63ebb68cf27b1e307c74b6ce61d4acdf/diff:/var/lib/docker/overlay2/980501a5851077f3dee6ecbfa78c05043a0919b339478e7d823ef12754fff010/diff:/var/lib/docker/overlay2/2f3c09d962b5ec157db70dc7f71a205805219b8444d69a17d20cb95368af8dcd/diff:/var/lib/docker/overlay2/bb2fd16935716194e60293e90775dc04b6f1d873e32e66899182e907368fe508/diff:/var/lib/docker/overlay2/a416035c780e069c213e0357ff068498c2b2e173320696d23591b2460984f232/diff:/var/lib/docker/overlay2/c310a08347b1807ec6425b010144cbd42406c63e93d35dd9694427a7ab404e9a/diff:/var/lib/docker/overlay2/528b2790dd2b01f8a0e2dbd99e8dec227fbcc0566353eda8e8abe861ec1551bf/diff:/var/lib/docker/overlay2/82a7d60aea5e7ab0a9233c008718e36c4a42ace161d3c033bda8723fc3dc29f8/diff:/var/lib/docker/overlay2/6eeffa50a043d52e930584de0899433e400635f5228e0fce31b85faf968eebb9/diff:/var/lib/docker/overlay2/ddffa27edce00e21b810b851b7b4bc1a51cb84904e2c353348d52c38427d761f/diff:/var/lib/docker/overlay2/1bb4f72cbcd5928bb63a662b841fd5af9d49ece8aa8d176a151180086cc25b38/diff:/var/lib/docker/overlay2/9b40c0afe8036c2f368d4f569e5aa943d0b65096a156d1217a0e3d622e3ed78c/diff:/var/lib/docker/overlay2/9ccd149f25ea7e4b9ea0c34ab9ca26171bf0b5dcc362895d97f527beb727158f/diff:/var/lib/docker/overlay2/27f75d3b9f43747c8e64367c753864c91f91c044cc89326d022d2fdb72479548/diff:/var/lib/docker/overlay2/4d09067d26fbe5b11b0e6294328f85ad32104ecd957d27234dfd0553d44bc84c/diff:/var/lib/docker/overlay2/269da5fe85241a4d830c9b1cf04bb2003e2c9852d3c728f4af2b0c138ebebb44/diff:/var/lib/docker/overlay2/0807cf9a44ae09d3cc733c9856d53df978af94ad6793594feaa481821a9bb811/diff:/var/lib/docker/overlay2/7a345adb47095301698bf6ea344d9bae5ac7c0d4177f47a119c82111b3dac6ae/diff","MergedDir":"/var/lib/docker/overlay2/6543806dd625761e2e8c6af40699990ef961283615fc7e9b9d592485a7f8056c/merged","UpperDir":"/var/lib/docker/overlay2/6543806dd625761e2e8c6af40699990ef961283615fc7e9b9d592485a7f8056c/diff","WorkDir":"/var/lib/docker/overlay2/6543806dd625761e2e8c6af40699990ef961283615fc7e9b9d592485a7f8056c/work"},"Name":"overlay2"},"Mounts":[{"Type":"bind","Source":"/home/home/monoetna/polyphemus","Destination":"/app","Mode":"delegated","RW":true,"Propagation":"rprivate"},{"Type":"volume","Name":"monoetna_polyphemus-node-modules","Source":"/var/lib/docker/volumes/monoetna_polyphemus-node-modules/_data","Destination":"/app/node_modules","Driver":"local","Mode":"rw","RW":true,"Propagation":""},{"Type":"bind","Source":"/tmp/metrics.prom","Destination":"/tmp/metrics.prom","Mode":"rw","RW":true,"Propagation":"rprivate"},{"Type":"bind","Source":"/tmp/tmp_cfdy3m5","Destination":"/task_token","Mode":"ro","RW":false,"Propagation":"rprivate"},{"Type":"volume","Name":"monoetna_polyphemus-log-dir","Source":"/var/lib/docker/volumes/monoetna_polyphemus-log-dir/_data","Destination":"/app/log","Driver":"local","Mode":"rw","RW":true,"Propagation":""},{"Type":"volume","Name":"monoetna_polyphemus-opt-dir","Source":"/var/lib/docker/volumes/monoetna_polyphemus-opt-dir/_data","Destination":"/usr/opt","Driver":"local","Mode":"rw","RW":true,"Propagation":""},{"Type":"bind","Source":"/home/home/monoetna/etna","Destination":"/etna","Mode":"delegated","RW":true,"Propagation":"rprivate"},{"Type":"volume","Name":"monoetna_polyphemus-data-dir","Source":"/var/lib/docker/volumes/monoetna_polyphemus-data-dir/_data","Destination":"/app/data","Driver":"local","Mode":"rw","RW":true,"Propagation":""},{"Type":"volume","Name":"monoetna_polyphemus-public-dir","Source":"/var/lib/docker/volumes/monoetna_polyphemus-public-dir/_data","Destination":"/app/public","Driver":"local","Mode":"rw","RW":true,"Propagation":""},{"Type":"volume","Name":"monoetna_polyphemus-tmp-dir","Source":"/var/lib/docker/volumes/monoetna_polyphemus-tmp-dir/_data","Destination":"/app/tmp","Driver":"local","Mode":"rw","RW":true,"Propagation":""},{"Type":"volume","Name":"monoetna_polyphemus-app-gems","Source":"/var/lib/docker/volumes/monoetna_polyphemus-app-gems/_data","Destination":"/app/vendor/bundle","Driver":"local","Mode":"rw","RW":true,"Propagation":""},{"Type":"volume","Name":"monoetna_polyphemus-ssh-dir","Source":"/var/lib/docker/volumes/monoetna_polyphemus-ssh-dir/_data","Destination":"/root/.ssh","Driver":"local","Mode":"rw","RW":true,"Propagation":""}],"Config":{"Hostname":"5570215b785f","Domainname":"","User":"","AttachStdin":false,"AttachStdout":true,"AttachStderr":true,"Tty":false,"OpenStdin":false,"StdinOnce":false,"Env":["POLYPHEMUS_ENV=development","APP_NAME=polyphemus","PATH=/app/bin:/app/node_modules/.bin:/app/vendor/bundle/ruby/2.5.0/bin:/usr/local/bundle/bin:/usr/local/sbin:/usr/local/bin:/usr/sbin:/usr/bin:/sbin:/bin:/home/aspera/.aspera/connect/bin","LANG=C.UTF-8","RUBY_MAJOR=2.5","RUBY_VERSION=2.5.9","RUBY_DOWNLOAD_SHA256=a87f2fa901408cc77652c1a55ff976695bbe54830ff240e370039eca14b358f0","RUBYGEMS_VERSION=3.0.3","GEM_HOME=/app/vendor/bundle","BUNDLE_SILENCE_ROOT_WARNING=0","BUNDLE_APP_CONFIG=/app/.bundle","DOCKER_VERSION=20.10.6","RUBY_MAJOR_VERSION=2.5.0","BUNDLER_VERSION_=2.3.3","DOCKERIZE_VERSION=0.5.0","NODE_VERSION=12.18.1","DOCKERIZE_URL=https://github.com/jwilder/dockerize/releases/download/v0.5.0/dockerize-linux-amd64-v0.5.0.tar.gz","RACK_ENV=development","BUNDLE_PATH=/app/vendor/bundle","BUNDLE_BIN=/app/vendor/bundle/ruby/2.5.0/bin","BUNDLE_GEMFILE=/app/Gemfile","GEM_PATH=/root/.gem/ruby/2.5.0:/usr/local/lib/ruby/gems/2.5.0:/usr/local/bundle:/app/vendor/bundle/ruby/2.5.0"],"Cmd":["cat","/task_token"],"Image":"sha256:6dc32a34e682120d8335117f326c175d8f94ee979f1d0bbd072ff679ca1bc149","Volumes":null,"WorkingDir":"/app","Entrypoint":["/entrypoints/development.sh"],"OnBuild":null,"Labels":{"edu.ucsf.mountetna.version":"df5b4bb93","etna.operators.docker_operator.container":"true"}},"NetworkSettings":{"Bridge":"","SandboxID":"3e7cf0f12c3fd24d8a2c35141c8d84e8173e1785f7aae1e8809a0331d15cbb96","HairpinMode":false,"LinkLocalIPv6Address":"","LinkLocalIPv6PrefixLen":0,"Ports":{},"SandboxKey":"/var/run/docker/netns/3e7cf0f12c3f","SecondaryIPAddresses":null,"SecondaryIPv6Addresses":null,"EndpointID":"","Gateway":"","GlobalIPv6Address":"","GlobalIPv6PrefixLen":0,"IPAddress":"","IPPrefixLen":0,"IPv6Gateway":"","MacAddress":"","Networks":{"monoetna_default":{"IPAMConfig":null,"Links":null,"Aliases":["5570215b785f"],"NetworkID":"a148750d50ef42ae11b2090eeccbe4508f514f1874d6580cf8163631937d3599","EndpointID":"b4b226338f3e5b40a0cf27bbe0d21b4764378c2c3ab75ee3e437e927d1fcf9cf","Gateway":"172.22.0.1","IPAddress":"172.22.0.14","IPPrefixLen":16,"IPv6Gateway":"","GlobalIPv6Address":"","GlobalIPv6PrefixLen":0,"MacAddress":"02:42:ac:16:00:0e","DriverOpts":null},"monoetna_edge_net":{"IPAMConfig":null,"Links":null,"Aliases":["5570215b785f"],"NetworkID":"b4ff9ae4107d239671566b2c3186fc695d4df07e4b9ebee7053f62f017fb6ac2","EndpointID":"654cfe94196065f62e2e2b01bce48cca5a9f630020072d51555fd11dc1e8ef8d","Gateway":"172.16.238.1","IPAddress":"172.16.238.7","IPPrefixLen":24,"IPv6Gateway":"","GlobalIPv6Address":"","GlobalIPv6PrefixLen":0,"MacAddress":"02:42:ac:10:ee:07","DriverOpts":null}}}}

        '
    headers:
      Api-Version:
      - '1.40'
      Content-Type:
      - application/json
      Date:
      - Tue, 01 Mar 2022 20:40:09 GMT
      Docker-Experimental:
      - 'true'
      Ostype:
      - linux
      Server:
      - Docker/19.03.12 (linux)
      Transfer-Encoding:
      - chunked
    status:
      code: 200
      message: OK
- request:
    body: null
    headers:
      Accept:
      - '*/*'
      Accept-Encoding:
      - gzip, deflate
      Connection:
      - keep-alive
      User-Agent:
      - docker-sdk-python/5.0.3
    method: GET
    uri: http://localhost:8085/v1.40/containers/DockerOperator_b7b096a1c123785e34dfa9328486a76d/logs?stderr=1&stdout=1&timestamps=1&follow=0&tail=all&since=1646167209.0
  response:
    body:
      string: "\x02\0\0\0\0\0\022022-03-01T20:40:09.198115000Z ++ echo polyphemus\n\x02\0\0\0\0\0\052022-03-01T20:40:09.199038000Z
        ++ tr '[a-z]' '[A-Z]'\n\x02\0\0\0\0\0\0A2022-03-01T20:40:09.200406000Z + app_name_capitalized=POLYPHEMUS\n\x02\0\0\0\0\0\0/2022-03-01T20:40:09.200526000Z
        + '[' -z '' ']'\n\x02\0\0\0\0\0\072022-03-01T20:40:09.200576000Z + /entrypoints/build.sh\n\x02\0\0\0\0\0\082022-03-01T20:40:09.202306000Z
        + mkdir -p /app/tmp/pids\n\x02\0\0\0\0\0\092022-03-01T20:40:09.206004000Z
        + mkdir -p /app/public/js\n\x02\0\0\0\0\0\0:2022-03-01T20:40:09.207490000Z
        + mkdir -p /app/public/css\n\x02\0\0\0\0\0\0=2022-03-01T20:40:09.212476000Z
        + mkdir -p /app/public/images\n\x02\0\0\0\0\0\032022-03-01T20:40:09.213517000Z
        + mkdir -p /app/log\n\x02\0\0\0\0\0\0=2022-03-01T20:40:09.216211000Z + mkdir
        -p /app/vendor/bundle\n\x02\0\0\0\0\0\052022-03-01T20:40:09.217227000Z + mkdir
        -p /app/data/\n\x02\0\0\0\0\0\0=2022-03-01T20:40:09.218370000Z + mkdir -p
        /tmp/metrics.prom/\n\x02\0\0\0\0\0\072022-03-01T20:40:09.219988000Z + chmod
        -R 777 /app/tmp\n\x02\0\0\0\0\0\072022-03-01T20:40:09.221229000Z + chmod -R
        777 /app/log\n\x02\0\0\0\0\0\0A2022-03-01T20:40:09.222052000Z + chmod -R 777
        /tmp/metrics.prom/\n\x02\0\0\0\0\0\032022-03-01T20:40:09.223361000Z + shopt
        -s globstar\n\x02\0\0\0\0\0\0/2022-03-01T20:40:09.223475000Z + '[' -n '' ']'\n\x02\0\0\0\0\0\0/2022-03-01T20:40:09.223518000Z
        + '[' -n '' ']'\n\x02\0\0\0\0\0\0G2022-03-01T20:40:09.223547000Z + ln -sf
        /entrypoints/puma.sh /app/bin/\n\x02\0\0\0\0\0\0;2022-03-01T20:40:09.224667000Z
        + chmod +x /app/bin/puma.sh\n\x02\0\0\0\0\0\072022-03-01T20:40:09.228633000Z
        + '[' -e /app/build ']'\n\x02\0\0\0\0\0\072022-03-01T20:40:09.228744000Z +
        '[' -e config.yml ']'\n\x02\0\0\0\0\0\0/2022-03-01T20:40:09.228862000Z + '['
        -n '' ']'\n\x02\0\0\0\0\0\0e2022-03-01T20:40:09.228928000Z + echo 'for file
        in /app/*.completion; do source $file || true; done'\n\x02\0\0\0\0\0\0E2022-03-01T20:40:09.232344000Z
        + echo 'export PATH=\"/app/bin:$PATH\"'\n\x02\0\0\0\0\0\042022-03-01T20:40:09.232441000Z
        + chmod -R 744 /root\n"
    headers:
      Api-Version:
      - '1.40'
      Date:
      - Tue, 01 Mar 2022 20:40:10 GMT
      Docker-Experimental:
      - 'true'
      Ostype:
      - linux
      Server:
      - Docker/19.03.12 (linux)
      Transfer-Encoding:
      - chunked
    status:
      code: 200
      message: OK
- request:
    body: null
    headers:
      Accept:
      - '*/*'
      Accept-Encoding:
      - gzip, deflate
      Connection:
      - keep-alive
      User-Agent:
      - docker-sdk-python/5.0.3
    method: GET
    uri: http://localhost:8085/v1.40/containers/DockerOperator_b7b096a1c123785e34dfa9328486a76d/json
  response:
    body:
      string: '{"Id":"5570215b785f483cfb8a376fb0aa592542b362d098cc2ecbaf4640842df31d2f","Created":"2022-03-01T20:40:08.867360033Z","Path":"/entrypoints/development.sh","Args":["cat","/task_token"],"State":{"Status":"running","Running":true,"Paused":false,"Restarting":false,"OOMKilled":false,"Dead":false,"Pid":16444,"ExitCode":0,"Error":"","StartedAt":"2022-03-01T20:40:09.196312699Z","FinishedAt":"0001-01-01T00:00:00Z"},"Image":"sha256:6dc32a34e682120d8335117f326c175d8f94ee979f1d0bbd072ff679ca1bc149","ResolvConfPath":"/var/lib/docker/containers/5570215b785f483cfb8a376fb0aa592542b362d098cc2ecbaf4640842df31d2f/resolv.conf","HostnamePath":"/var/lib/docker/containers/5570215b785f483cfb8a376fb0aa592542b362d098cc2ecbaf4640842df31d2f/hostname","HostsPath":"/var/lib/docker/containers/5570215b785f483cfb8a376fb0aa592542b362d098cc2ecbaf4640842df31d2f/hosts","LogPath":"","Name":"/DockerOperator_b7b096a1c123785e34dfa9328486a76d","RestartCount":0,"Driver":"overlay2","Platform":"linux","MountLabel":"","ProcessLabel":"","AppArmorProfile":"","ExecIDs":null,"HostConfig":{"Binds":["monoetna_polyphemus-log-dir:/app/log:rw","/home/home/monoetna/polyphemus:/app:delegated","monoetna_polyphemus-opt-dir:/usr/opt:rw","/home/home/monoetna/etna:/etna:delegated","monoetna_polyphemus-data-dir:/app/data:rw","monoetna_polyphemus-public-dir:/app/public:rw","monoetna_polyphemus-tmp-dir:/app/tmp:rw","monoetna_polyphemus-node-modules:/app/node_modules:rw","monoetna_polyphemus-app-gems:/app/vendor/bundle:rw","/tmp/metrics.prom:/tmp/metrics.prom:rw","monoetna_polyphemus-ssh-dir:/root/.ssh:rw","/tmp/tmp_cfdy3m5:/task_token:ro"],"ContainerIDFile":"","LogConfig":{"Type":"journald","Config":{}},"NetworkMode":"monoetna_default","PortBindings":null,"RestartPolicy":{"Name":"","MaximumRetryCount":0},"AutoRemove":false,"VolumeDriver":"","VolumesFrom":[],"CapAdd":null,"CapDrop":null,"Capabilities":null,"Dns":null,"DnsOptions":null,"DnsSearch":null,"ExtraHosts":["metis.development.local:172.16.238.10","magma.development.local:172.16.238.10","janus.development.local:172.16.238.10","timur.development.local:172.16.238.10","rtemis.development.local:172.16.238.10","archimedes.development.local:172.16.238.10","polyphemus.development.local:172.16.238.10"],"GroupAdd":null,"IpcMode":"shareable","Cgroup":"","Links":null,"OomScoreAdj":0,"PidMode":"","Privileged":false,"PublishAllPorts":false,"ReadonlyRootfs":false,"SecurityOpt":null,"UTSMode":"","UsernsMode":"","ShmSize":67108864,"Runtime":"runc","ConsoleSize":[0,0],"Isolation":"","CpuShares":0,"Memory":0,"NanoCpus":0,"CgroupParent":"","BlkioWeight":0,"BlkioWeightDevice":null,"BlkioDeviceReadBps":null,"BlkioDeviceWriteBps":null,"BlkioDeviceReadIOps":null,"BlkioDeviceWriteIOps":null,"CpuPeriod":0,"CpuQuota":0,"CpuRealtimePeriod":0,"CpuRealtimeRuntime":0,"CpusetCpus":"","CpusetMems":"","Devices":null,"DeviceCgroupRules":null,"DeviceRequests":null,"KernelMemory":0,"KernelMemoryTCP":0,"MemoryReservation":0,"MemorySwap":0,"MemorySwappiness":null,"OomKillDisable":false,"PidsLimit":null,"Ulimits":null,"CpuCount":0,"CpuPercent":0,"IOMaximumIOps":0,"IOMaximumBandwidth":0,"MaskedPaths":["/proc/asound","/proc/acpi","/proc/kcore","/proc/keys","/proc/latency_stats","/proc/timer_list","/proc/timer_stats","/proc/sched_debug","/proc/scsi","/sys/firmware"],"ReadonlyPaths":["/proc/bus","/proc/fs","/proc/irq","/proc/sys","/proc/sysrq-trigger"]},"GraphDriver":{"Data":{"LowerDir":"/var/lib/docker/overlay2/6543806dd625761e2e8c6af40699990ef961283615fc7e9b9d592485a7f8056c-init/diff:/var/lib/docker/overlay2/11e209ad3cd3439eb4195241e5009ec0f3ef3af323a7773ba87c4b43161abd3f/diff:/var/lib/docker/overlay2/26e2ebbf60f706c3a592c3bfde425132fc7ae7c25eb6d79a52c06b234da39627/diff:/var/lib/docker/overlay2/86aa89e5f790461b18fd0e3d5b8ee0a7e287fe76c95427a4754d04e1b829eda6/diff:/var/lib/docker/overlay2/7bee8c07fc99277daf5d5196f7f2e7ddd53e8e2484b8187146b64b4cb885e7ba/diff:/var/lib/docker/overlay2/3e418be66bb337b2d953c04a27ef49e26261323ce7b346745401a04b0808f322/diff:/var/lib/docker/overlay2/e9dd2aeee6af49da6c196f12dbd16e6634eb9edbb7c08eebe0a7ee9db84899b6/diff:/var/lib/docker/overlay2/011edf10d820f653106b81b5bdc10bd1eda41aa02cb5b90df8a5217522ed9c62/diff:/var/lib/docker/overlay2/1046f4b3823b6ba2a02c709d6425ec423719ad730116002af9eab6c7b37fa117/diff:/var/lib/docker/overlay2/046e4535b94d0e187bde7eb2cc3a017e3022eaea3687354cda645936de1b2fc4/diff:/var/lib/docker/overlay2/5dcc9654c63c420c532e6c7c2db53d1a749da38416506c21710aad66c613ee4e/diff:/var/lib/docker/overlay2/0b8520b2a9d33e50caef9ca91dce48995d1140016d90520f4775972ac285c9aa/diff:/var/lib/docker/overlay2/aaf7ca3757aecf5365283e86928b91fe59ad510a3b5fa2d04bf489463932b6da/diff:/var/lib/docker/overlay2/da81a09e79dd7c0a13a82a7e693967ef7e08ce27b4d259c7fea27be0e8859b13/diff:/var/lib/docker/overlay2/ee495c0968fa49ea24631c6e5f3ee6da63ebb68cf27b1e307c74b6ce61d4acdf/diff:/var/lib/docker/overlay2/980501a5851077f3dee6ecbfa78c05043a0919b339478e7d823ef12754fff010/diff:/var/lib/docker/overlay2/2f3c09d962b5ec157db70dc7f71a205805219b8444d69a17d20cb95368af8dcd/diff:/var/lib/docker/overlay2/bb2fd16935716194e60293e90775dc04b6f1d873e32e66899182e907368fe508/diff:/var/lib/docker/overlay2/a416035c780e069c213e0357ff068498c2b2e173320696d23591b2460984f232/diff:/var/lib/docker/overlay2/c310a08347b1807ec6425b010144cbd42406c63e93d35dd9694427a7ab404e9a/diff:/var/lib/docker/overlay2/528b2790dd2b01f8a0e2dbd99e8dec227fbcc0566353eda8e8abe861ec1551bf/diff:/var/lib/docker/overlay2/82a7d60aea5e7ab0a9233c008718e36c4a42ace161d3c033bda8723fc3dc29f8/diff:/var/lib/docker/overlay2/6eeffa50a043d52e930584de0899433e400635f5228e0fce31b85faf968eebb9/diff:/var/lib/docker/overlay2/ddffa27edce00e21b810b851b7b4bc1a51cb84904e2c353348d52c38427d761f/diff:/var/lib/docker/overlay2/1bb4f72cbcd5928bb63a662b841fd5af9d49ece8aa8d176a151180086cc25b38/diff:/var/lib/docker/overlay2/9b40c0afe8036c2f368d4f569e5aa943d0b65096a156d1217a0e3d622e3ed78c/diff:/var/lib/docker/overlay2/9ccd149f25ea7e4b9ea0c34ab9ca26171bf0b5dcc362895d97f527beb727158f/diff:/var/lib/docker/overlay2/27f75d3b9f43747c8e64367c753864c91f91c044cc89326d022d2fdb72479548/diff:/var/lib/docker/overlay2/4d09067d26fbe5b11b0e6294328f85ad32104ecd957d27234dfd0553d44bc84c/diff:/var/lib/docker/overlay2/269da5fe85241a4d830c9b1cf04bb2003e2c9852d3c728f4af2b0c138ebebb44/diff:/var/lib/docker/overlay2/0807cf9a44ae09d3cc733c9856d53df978af94ad6793594feaa481821a9bb811/diff:/var/lib/docker/overlay2/7a345adb47095301698bf6ea344d9bae5ac7c0d4177f47a119c82111b3dac6ae/diff","MergedDir":"/var/lib/docker/overlay2/6543806dd625761e2e8c6af40699990ef961283615fc7e9b9d592485a7f8056c/merged","UpperDir":"/var/lib/docker/overlay2/6543806dd625761e2e8c6af40699990ef961283615fc7e9b9d592485a7f8056c/diff","WorkDir":"/var/lib/docker/overlay2/6543806dd625761e2e8c6af40699990ef961283615fc7e9b9d592485a7f8056c/work"},"Name":"overlay2"},"Mounts":[{"Type":"bind","Source":"/tmp/metrics.prom","Destination":"/tmp/metrics.prom","Mode":"rw","RW":true,"Propagation":"rprivate"},{"Type":"bind","Source":"/tmp/tmp_cfdy3m5","Destination":"/task_token","Mode":"ro","RW":false,"Propagation":"rprivate"},{"Type":"bind","Source":"/home/home/monoetna/polyphemus","Destination":"/app","Mode":"delegated","RW":true,"Propagation":"rprivate"},{"Type":"volume","Name":"monoetna_polyphemus-node-modules","Source":"/var/lib/docker/volumes/monoetna_polyphemus-node-modules/_data","Destination":"/app/node_modules","Driver":"local","Mode":"rw","RW":true,"Propagation":""},{"Type":"bind","Source":"/home/home/monoetna/etna","Destination":"/etna","Mode":"delegated","RW":true,"Propagation":"rprivate"},{"Type":"volume","Name":"monoetna_polyphemus-data-dir","Source":"/var/lib/docker/volumes/monoetna_polyphemus-data-dir/_data","Destination":"/app/data","Driver":"local","Mode":"rw","RW":true,"Propagation":""},{"Type":"volume","Name":"monoetna_polyphemus-public-dir","Source":"/var/lib/docker/volumes/monoetna_polyphemus-public-dir/_data","Destination":"/app/public","Driver":"local","Mode":"rw","RW":true,"Propagation":""},{"Type":"volume","Name":"monoetna_polyphemus-tmp-dir","Source":"/var/lib/docker/volumes/monoetna_polyphemus-tmp-dir/_data","Destination":"/app/tmp","Driver":"local","Mode":"rw","RW":true,"Propagation":""},{"Type":"volume","Name":"monoetna_polyphemus-app-gems","Source":"/var/lib/docker/volumes/monoetna_polyphemus-app-gems/_data","Destination":"/app/vendor/bundle","Driver":"local","Mode":"rw","RW":true,"Propagation":""},{"Type":"volume","Name":"monoetna_polyphemus-ssh-dir","Source":"/var/lib/docker/volumes/monoetna_polyphemus-ssh-dir/_data","Destination":"/root/.ssh","Driver":"local","Mode":"rw","RW":true,"Propagation":""},{"Type":"volume","Name":"monoetna_polyphemus-log-dir","Source":"/var/lib/docker/volumes/monoetna_polyphemus-log-dir/_data","Destination":"/app/log","Driver":"local","Mode":"rw","RW":true,"Propagation":""},{"Type":"volume","Name":"monoetna_polyphemus-opt-dir","Source":"/var/lib/docker/volumes/monoetna_polyphemus-opt-dir/_data","Destination":"/usr/opt","Driver":"local","Mode":"rw","RW":true,"Propagation":""}],"Config":{"Hostname":"5570215b785f","Domainname":"","User":"","AttachStdin":false,"AttachStdout":true,"AttachStderr":true,"Tty":false,"OpenStdin":false,"StdinOnce":false,"Env":["POLYPHEMUS_ENV=development","APP_NAME=polyphemus","PATH=/app/bin:/app/node_modules/.bin:/app/vendor/bundle/ruby/2.5.0/bin:/usr/local/bundle/bin:/usr/local/sbin:/usr/local/bin:/usr/sbin:/usr/bin:/sbin:/bin:/home/aspera/.aspera/connect/bin","LANG=C.UTF-8","RUBY_MAJOR=2.5","RUBY_VERSION=2.5.9","RUBY_DOWNLOAD_SHA256=a87f2fa901408cc77652c1a55ff976695bbe54830ff240e370039eca14b358f0","RUBYGEMS_VERSION=3.0.3","GEM_HOME=/app/vendor/bundle","BUNDLE_SILENCE_ROOT_WARNING=0","BUNDLE_APP_CONFIG=/app/.bundle","DOCKER_VERSION=20.10.6","RUBY_MAJOR_VERSION=2.5.0","BUNDLER_VERSION_=2.3.3","DOCKERIZE_VERSION=0.5.0","NODE_VERSION=12.18.1","DOCKERIZE_URL=https://github.com/jwilder/dockerize/releases/download/v0.5.0/dockerize-linux-amd64-v0.5.0.tar.gz","RACK_ENV=development","BUNDLE_PATH=/app/vendor/bundle","BUNDLE_BIN=/app/vendor/bundle/ruby/2.5.0/bin","BUNDLE_GEMFILE=/app/Gemfile","GEM_PATH=/root/.gem/ruby/2.5.0:/usr/local/lib/ruby/gems/2.5.0:/usr/local/bundle:/app/vendor/bundle/ruby/2.5.0"],"Cmd":["cat","/task_token"],"Image":"sha256:6dc32a34e682120d8335117f326c175d8f94ee979f1d0bbd072ff679ca1bc149","Volumes":null,"WorkingDir":"/app","Entrypoint":["/entrypoints/development.sh"],"OnBuild":null,"Labels":{"edu.ucsf.mountetna.version":"df5b4bb93","etna.operators.docker_operator.container":"true"}},"NetworkSettings":{"Bridge":"","SandboxID":"3e7cf0f12c3fd24d8a2c35141c8d84e8173e1785f7aae1e8809a0331d15cbb96","HairpinMode":false,"LinkLocalIPv6Address":"","LinkLocalIPv6PrefixLen":0,"Ports":{},"SandboxKey":"/var/run/docker/netns/3e7cf0f12c3f","SecondaryIPAddresses":null,"SecondaryIPv6Addresses":null,"EndpointID":"","Gateway":"","GlobalIPv6Address":"","GlobalIPv6PrefixLen":0,"IPAddress":"","IPPrefixLen":0,"IPv6Gateway":"","MacAddress":"","Networks":{"monoetna_default":{"IPAMConfig":null,"Links":null,"Aliases":["5570215b785f"],"NetworkID":"a148750d50ef42ae11b2090eeccbe4508f514f1874d6580cf8163631937d3599","EndpointID":"b4b226338f3e5b40a0cf27bbe0d21b4764378c2c3ab75ee3e437e927d1fcf9cf","Gateway":"172.22.0.1","IPAddress":"172.22.0.14","IPPrefixLen":16,"IPv6Gateway":"","GlobalIPv6Address":"","GlobalIPv6PrefixLen":0,"MacAddress":"02:42:ac:16:00:0e","DriverOpts":null},"monoetna_edge_net":{"IPAMConfig":null,"Links":null,"Aliases":["5570215b785f"],"NetworkID":"b4ff9ae4107d239671566b2c3186fc695d4df07e4b9ebee7053f62f017fb6ac2","EndpointID":"654cfe94196065f62e2e2b01bce48cca5a9f630020072d51555fd11dc1e8ef8d","Gateway":"172.16.238.1","IPAddress":"172.16.238.7","IPPrefixLen":24,"IPv6Gateway":"","GlobalIPv6Address":"","GlobalIPv6PrefixLen":0,"MacAddress":"02:42:ac:10:ee:07","DriverOpts":null}}}}

        '
    headers:
      Api-Version:
      - '1.40'
      Content-Type:
      - application/json
      Date:
      - Tue, 01 Mar 2022 20:40:10 GMT
      Docker-Experimental:
      - 'true'
      Ostype:
      - linux
      Server:
      - Docker/19.03.12 (linux)
      Transfer-Encoding:
      - chunked
    status:
      code: 200
      message: OK
- request:
    body: null
    headers:
      Accept:
      - '*/*'
      Accept-Encoding:
      - gzip, deflate
      Connection:
      - keep-alive
      User-Agent:
      - docker-sdk-python/5.0.3
    method: GET
    uri: http://localhost:8085/v1.40/containers/DockerOperator_b7b096a1c123785e34dfa9328486a76d/json
  response:
    body:
      string: '{"Id":"5570215b785f483cfb8a376fb0aa592542b362d098cc2ecbaf4640842df31d2f","Created":"2022-03-01T20:40:08.867360033Z","Path":"/entrypoints/development.sh","Args":["cat","/task_token"],"State":{"Status":"running","Running":true,"Paused":false,"Restarting":false,"OOMKilled":false,"Dead":false,"Pid":16444,"ExitCode":0,"Error":"","StartedAt":"2022-03-01T20:40:09.196312699Z","FinishedAt":"0001-01-01T00:00:00Z"},"Image":"sha256:6dc32a34e682120d8335117f326c175d8f94ee979f1d0bbd072ff679ca1bc149","ResolvConfPath":"/var/lib/docker/containers/5570215b785f483cfb8a376fb0aa592542b362d098cc2ecbaf4640842df31d2f/resolv.conf","HostnamePath":"/var/lib/docker/containers/5570215b785f483cfb8a376fb0aa592542b362d098cc2ecbaf4640842df31d2f/hostname","HostsPath":"/var/lib/docker/containers/5570215b785f483cfb8a376fb0aa592542b362d098cc2ecbaf4640842df31d2f/hosts","LogPath":"","Name":"/DockerOperator_b7b096a1c123785e34dfa9328486a76d","RestartCount":0,"Driver":"overlay2","Platform":"linux","MountLabel":"","ProcessLabel":"","AppArmorProfile":"","ExecIDs":null,"HostConfig":{"Binds":["monoetna_polyphemus-log-dir:/app/log:rw","/home/home/monoetna/polyphemus:/app:delegated","monoetna_polyphemus-opt-dir:/usr/opt:rw","/home/home/monoetna/etna:/etna:delegated","monoetna_polyphemus-data-dir:/app/data:rw","monoetna_polyphemus-public-dir:/app/public:rw","monoetna_polyphemus-tmp-dir:/app/tmp:rw","monoetna_polyphemus-node-modules:/app/node_modules:rw","monoetna_polyphemus-app-gems:/app/vendor/bundle:rw","/tmp/metrics.prom:/tmp/metrics.prom:rw","monoetna_polyphemus-ssh-dir:/root/.ssh:rw","/tmp/tmp_cfdy3m5:/task_token:ro"],"ContainerIDFile":"","LogConfig":{"Type":"journald","Config":{}},"NetworkMode":"monoetna_default","PortBindings":null,"RestartPolicy":{"Name":"","MaximumRetryCount":0},"AutoRemove":false,"VolumeDriver":"","VolumesFrom":[],"CapAdd":null,"CapDrop":null,"Capabilities":null,"Dns":null,"DnsOptions":null,"DnsSearch":null,"ExtraHosts":["metis.development.local:172.16.238.10","magma.development.local:172.16.238.10","janus.development.local:172.16.238.10","timur.development.local:172.16.238.10","rtemis.development.local:172.16.238.10","archimedes.development.local:172.16.238.10","polyphemus.development.local:172.16.238.10"],"GroupAdd":null,"IpcMode":"shareable","Cgroup":"","Links":null,"OomScoreAdj":0,"PidMode":"","Privileged":false,"PublishAllPorts":false,"ReadonlyRootfs":false,"SecurityOpt":null,"UTSMode":"","UsernsMode":"","ShmSize":67108864,"Runtime":"runc","ConsoleSize":[0,0],"Isolation":"","CpuShares":0,"Memory":0,"NanoCpus":0,"CgroupParent":"","BlkioWeight":0,"BlkioWeightDevice":null,"BlkioDeviceReadBps":null,"BlkioDeviceWriteBps":null,"BlkioDeviceReadIOps":null,"BlkioDeviceWriteIOps":null,"CpuPeriod":0,"CpuQuota":0,"CpuRealtimePeriod":0,"CpuRealtimeRuntime":0,"CpusetCpus":"","CpusetMems":"","Devices":null,"DeviceCgroupRules":null,"DeviceRequests":null,"KernelMemory":0,"KernelMemoryTCP":0,"MemoryReservation":0,"MemorySwap":0,"MemorySwappiness":null,"OomKillDisable":false,"PidsLimit":null,"Ulimits":null,"CpuCount":0,"CpuPercent":0,"IOMaximumIOps":0,"IOMaximumBandwidth":0,"MaskedPaths":["/proc/asound","/proc/acpi","/proc/kcore","/proc/keys","/proc/latency_stats","/proc/timer_list","/proc/timer_stats","/proc/sched_debug","/proc/scsi","/sys/firmware"],"ReadonlyPaths":["/proc/bus","/proc/fs","/proc/irq","/proc/sys","/proc/sysrq-trigger"]},"GraphDriver":{"Data":{"LowerDir":"/var/lib/docker/overlay2/6543806dd625761e2e8c6af40699990ef961283615fc7e9b9d592485a7f8056c-init/diff:/var/lib/docker/overlay2/11e209ad3cd3439eb4195241e5009ec0f3ef3af323a7773ba87c4b43161abd3f/diff:/var/lib/docker/overlay2/26e2ebbf60f706c3a592c3bfde425132fc7ae7c25eb6d79a52c06b234da39627/diff:/var/lib/docker/overlay2/86aa89e5f790461b18fd0e3d5b8ee0a7e287fe76c95427a4754d04e1b829eda6/diff:/var/lib/docker/overlay2/7bee8c07fc99277daf5d5196f7f2e7ddd53e8e2484b8187146b64b4cb885e7ba/diff:/var/lib/docker/overlay2/3e418be66bb337b2d953c04a27ef49e26261323ce7b346745401a04b0808f322/diff:/var/lib/docker/overlay2/e9dd2aeee6af49da6c196f12dbd16e6634eb9edbb7c08eebe0a7ee9db84899b6/diff:/var/lib/docker/overlay2/011edf10d820f653106b81b5bdc10bd1eda41aa02cb5b90df8a5217522ed9c62/diff:/var/lib/docker/overlay2/1046f4b3823b6ba2a02c709d6425ec423719ad730116002af9eab6c7b37fa117/diff:/var/lib/docker/overlay2/046e4535b94d0e187bde7eb2cc3a017e3022eaea3687354cda645936de1b2fc4/diff:/var/lib/docker/overlay2/5dcc9654c63c420c532e6c7c2db53d1a749da38416506c21710aad66c613ee4e/diff:/var/lib/docker/overlay2/0b8520b2a9d33e50caef9ca91dce48995d1140016d90520f4775972ac285c9aa/diff:/var/lib/docker/overlay2/aaf7ca3757aecf5365283e86928b91fe59ad510a3b5fa2d04bf489463932b6da/diff:/var/lib/docker/overlay2/da81a09e79dd7c0a13a82a7e693967ef7e08ce27b4d259c7fea27be0e8859b13/diff:/var/lib/docker/overlay2/ee495c0968fa49ea24631c6e5f3ee6da63ebb68cf27b1e307c74b6ce61d4acdf/diff:/var/lib/docker/overlay2/980501a5851077f3dee6ecbfa78c05043a0919b339478e7d823ef12754fff010/diff:/var/lib/docker/overlay2/2f3c09d962b5ec157db70dc7f71a205805219b8444d69a17d20cb95368af8dcd/diff:/var/lib/docker/overlay2/bb2fd16935716194e60293e90775dc04b6f1d873e32e66899182e907368fe508/diff:/var/lib/docker/overlay2/a416035c780e069c213e0357ff068498c2b2e173320696d23591b2460984f232/diff:/var/lib/docker/overlay2/c310a08347b1807ec6425b010144cbd42406c63e93d35dd9694427a7ab404e9a/diff:/var/lib/docker/overlay2/528b2790dd2b01f8a0e2dbd99e8dec227fbcc0566353eda8e8abe861ec1551bf/diff:/var/lib/docker/overlay2/82a7d60aea5e7ab0a9233c008718e36c4a42ace161d3c033bda8723fc3dc29f8/diff:/var/lib/docker/overlay2/6eeffa50a043d52e930584de0899433e400635f5228e0fce31b85faf968eebb9/diff:/var/lib/docker/overlay2/ddffa27edce00e21b810b851b7b4bc1a51cb84904e2c353348d52c38427d761f/diff:/var/lib/docker/overlay2/1bb4f72cbcd5928bb63a662b841fd5af9d49ece8aa8d176a151180086cc25b38/diff:/var/lib/docker/overlay2/9b40c0afe8036c2f368d4f569e5aa943d0b65096a156d1217a0e3d622e3ed78c/diff:/var/lib/docker/overlay2/9ccd149f25ea7e4b9ea0c34ab9ca26171bf0b5dcc362895d97f527beb727158f/diff:/var/lib/docker/overlay2/27f75d3b9f43747c8e64367c753864c91f91c044cc89326d022d2fdb72479548/diff:/var/lib/docker/overlay2/4d09067d26fbe5b11b0e6294328f85ad32104ecd957d27234dfd0553d44bc84c/diff:/var/lib/docker/overlay2/269da5fe85241a4d830c9b1cf04bb2003e2c9852d3c728f4af2b0c138ebebb44/diff:/var/lib/docker/overlay2/0807cf9a44ae09d3cc733c9856d53df978af94ad6793594feaa481821a9bb811/diff:/var/lib/docker/overlay2/7a345adb47095301698bf6ea344d9bae5ac7c0d4177f47a119c82111b3dac6ae/diff","MergedDir":"/var/lib/docker/overlay2/6543806dd625761e2e8c6af40699990ef961283615fc7e9b9d592485a7f8056c/merged","UpperDir":"/var/lib/docker/overlay2/6543806dd625761e2e8c6af40699990ef961283615fc7e9b9d592485a7f8056c/diff","WorkDir":"/var/lib/docker/overlay2/6543806dd625761e2e8c6af40699990ef961283615fc7e9b9d592485a7f8056c/work"},"Name":"overlay2"},"Mounts":[{"Type":"volume","Name":"monoetna_polyphemus-node-modules","Source":"/var/lib/docker/volumes/monoetna_polyphemus-node-modules/_data","Destination":"/app/node_modules","Driver":"local","Mode":"rw","RW":true,"Propagation":""},{"Type":"bind","Source":"/tmp/metrics.prom","Destination":"/tmp/metrics.prom","Mode":"rw","RW":true,"Propagation":"rprivate"},{"Type":"bind","Source":"/tmp/tmp_cfdy3m5","Destination":"/task_token","Mode":"ro","RW":false,"Propagation":"rprivate"},{"Type":"bind","Source":"/home/home/monoetna/polyphemus","Destination":"/app","Mode":"delegated","RW":true,"Propagation":"rprivate"},{"Type":"volume","Name":"monoetna_polyphemus-opt-dir","Source":"/var/lib/docker/volumes/monoetna_polyphemus-opt-dir/_data","Destination":"/usr/opt","Driver":"local","Mode":"rw","RW":true,"Propagation":""},{"Type":"bind","Source":"/home/home/monoetna/etna","Destination":"/etna","Mode":"delegated","RW":true,"Propagation":"rprivate"},{"Type":"volume","Name":"monoetna_polyphemus-data-dir","Source":"/var/lib/docker/volumes/monoetna_polyphemus-data-dir/_data","Destination":"/app/data","Driver":"local","Mode":"rw","RW":true,"Propagation":""},{"Type":"volume","Name":"monoetna_polyphemus-public-dir","Source":"/var/lib/docker/volumes/monoetna_polyphemus-public-dir/_data","Destination":"/app/public","Driver":"local","Mode":"rw","RW":true,"Propagation":""},{"Type":"volume","Name":"monoetna_polyphemus-tmp-dir","Source":"/var/lib/docker/volumes/monoetna_polyphemus-tmp-dir/_data","Destination":"/app/tmp","Driver":"local","Mode":"rw","RW":true,"Propagation":""},{"Type":"volume","Name":"monoetna_polyphemus-app-gems","Source":"/var/lib/docker/volumes/monoetna_polyphemus-app-gems/_data","Destination":"/app/vendor/bundle","Driver":"local","Mode":"rw","RW":true,"Propagation":""},{"Type":"volume","Name":"monoetna_polyphemus-ssh-dir","Source":"/var/lib/docker/volumes/monoetna_polyphemus-ssh-dir/_data","Destination":"/root/.ssh","Driver":"local","Mode":"rw","RW":true,"Propagation":""},{"Type":"volume","Name":"monoetna_polyphemus-log-dir","Source":"/var/lib/docker/volumes/monoetna_polyphemus-log-dir/_data","Destination":"/app/log","Driver":"local","Mode":"rw","RW":true,"Propagation":""}],"Config":{"Hostname":"5570215b785f","Domainname":"","User":"","AttachStdin":false,"AttachStdout":true,"AttachStderr":true,"Tty":false,"OpenStdin":false,"StdinOnce":false,"Env":["POLYPHEMUS_ENV=development","APP_NAME=polyphemus","PATH=/app/bin:/app/node_modules/.bin:/app/vendor/bundle/ruby/2.5.0/bin:/usr/local/bundle/bin:/usr/local/sbin:/usr/local/bin:/usr/sbin:/usr/bin:/sbin:/bin:/home/aspera/.aspera/connect/bin","LANG=C.UTF-8","RUBY_MAJOR=2.5","RUBY_VERSION=2.5.9","RUBY_DOWNLOAD_SHA256=a87f2fa901408cc77652c1a55ff976695bbe54830ff240e370039eca14b358f0","RUBYGEMS_VERSION=3.0.3","GEM_HOME=/app/vendor/bundle","BUNDLE_SILENCE_ROOT_WARNING=0","BUNDLE_APP_CONFIG=/app/.bundle","DOCKER_VERSION=20.10.6","RUBY_MAJOR_VERSION=2.5.0","BUNDLER_VERSION_=2.3.3","DOCKERIZE_VERSION=0.5.0","NODE_VERSION=12.18.1","DOCKERIZE_URL=https://github.com/jwilder/dockerize/releases/download/v0.5.0/dockerize-linux-amd64-v0.5.0.tar.gz","RACK_ENV=development","BUNDLE_PATH=/app/vendor/bundle","BUNDLE_BIN=/app/vendor/bundle/ruby/2.5.0/bin","BUNDLE_GEMFILE=/app/Gemfile","GEM_PATH=/root/.gem/ruby/2.5.0:/usr/local/lib/ruby/gems/2.5.0:/usr/local/bundle:/app/vendor/bundle/ruby/2.5.0"],"Cmd":["cat","/task_token"],"Image":"sha256:6dc32a34e682120d8335117f326c175d8f94ee979f1d0bbd072ff679ca1bc149","Volumes":null,"WorkingDir":"/app","Entrypoint":["/entrypoints/development.sh"],"OnBuild":null,"Labels":{"edu.ucsf.mountetna.version":"df5b4bb93","etna.operators.docker_operator.container":"true"}},"NetworkSettings":{"Bridge":"","SandboxID":"3e7cf0f12c3fd24d8a2c35141c8d84e8173e1785f7aae1e8809a0331d15cbb96","HairpinMode":false,"LinkLocalIPv6Address":"","LinkLocalIPv6PrefixLen":0,"Ports":{},"SandboxKey":"/var/run/docker/netns/3e7cf0f12c3f","SecondaryIPAddresses":null,"SecondaryIPv6Addresses":null,"EndpointID":"","Gateway":"","GlobalIPv6Address":"","GlobalIPv6PrefixLen":0,"IPAddress":"","IPPrefixLen":0,"IPv6Gateway":"","MacAddress":"","Networks":{"monoetna_default":{"IPAMConfig":null,"Links":null,"Aliases":["5570215b785f"],"NetworkID":"a148750d50ef42ae11b2090eeccbe4508f514f1874d6580cf8163631937d3599","EndpointID":"b4b226338f3e5b40a0cf27bbe0d21b4764378c2c3ab75ee3e437e927d1fcf9cf","Gateway":"172.22.0.1","IPAddress":"172.22.0.14","IPPrefixLen":16,"IPv6Gateway":"","GlobalIPv6Address":"","GlobalIPv6PrefixLen":0,"MacAddress":"02:42:ac:16:00:0e","DriverOpts":null},"monoetna_edge_net":{"IPAMConfig":null,"Links":null,"Aliases":["5570215b785f"],"NetworkID":"b4ff9ae4107d239671566b2c3186fc695d4df07e4b9ebee7053f62f017fb6ac2","EndpointID":"654cfe94196065f62e2e2b01bce48cca5a9f630020072d51555fd11dc1e8ef8d","Gateway":"172.16.238.1","IPAddress":"172.16.238.7","IPPrefixLen":24,"IPv6Gateway":"","GlobalIPv6Address":"","GlobalIPv6PrefixLen":0,"MacAddress":"02:42:ac:10:ee:07","DriverOpts":null}}}}

        '
    headers:
      Api-Version:
      - '1.40'
      Content-Type:
      - application/json
      Date:
      - Tue, 01 Mar 2022 20:40:10 GMT
      Docker-Experimental:
      - 'true'
      Ostype:
      - linux
      Server:
      - Docker/19.03.12 (linux)
      Transfer-Encoding:
      - chunked
    status:
      code: 200
      message: OK
- request:
    body: null
    headers:
      Accept:
      - '*/*'
      Accept-Encoding:
      - gzip, deflate
      Connection:
      - keep-alive
      User-Agent:
      - docker-sdk-python/5.0.3
    method: GET
    uri: http://localhost:8085/v1.40/containers/DockerOperator_b7b096a1c123785e34dfa9328486a76d/logs?stderr=1&stdout=1&timestamps=1&follow=0&tail=all&since=1646167209.0
  response:
    body:
      string: !!binary |
        AgAAAAAAADIyMDIyLTAzLTAxVDIwOjQwOjA5LjE5ODExNTAwMFogKysgZWNobyBwb2x5cGhlbXVz
        CgIAAAAAAAA1MjAyMi0wMy0wMVQyMDo0MDowOS4xOTkwMzgwMDBaICsrIHRyICdbYS16XScgJ1tB
        LVpdJwoCAAAAAAAAQTIwMjItMDMtMDFUMjA6NDA6MDkuMjAwNDA2MDAwWiArIGFwcF9uYW1lX2Nh
        cGl0YWxpemVkPVBPTFlQSEVNVVMKAgAAAAAAAC8yMDIyLTAzLTAxVDIwOjQwOjA5LjIwMDUyNjAw
        MFogKyAnWycgLXogJycgJ10nCgIAAAAAAAA3MjAyMi0wMy0wMVQyMDo0MDowOS4yMDA1NzYwMDBa
        ICsgL2VudHJ5cG9pbnRzL2J1aWxkLnNoCgIAAAAAAAA4MjAyMi0wMy0wMVQyMDo0MDowOS4yMDIz
        MDYwMDBaICsgbWtkaXIgLXAgL2FwcC90bXAvcGlkcwoCAAAAAAAAOTIwMjItMDMtMDFUMjA6NDA6
        MDkuMjA2MDA0MDAwWiArIG1rZGlyIC1wIC9hcHAvcHVibGljL2pzCgIAAAAAAAA6MjAyMi0wMy0w
        MVQyMDo0MDowOS4yMDc0OTAwMDBaICsgbWtkaXIgLXAgL2FwcC9wdWJsaWMvY3NzCgIAAAAAAAA9
        MjAyMi0wMy0wMVQyMDo0MDowOS4yMTI0NzYwMDBaICsgbWtkaXIgLXAgL2FwcC9wdWJsaWMvaW1h
        Z2VzCgIAAAAAAAAzMjAyMi0wMy0wMVQyMDo0MDowOS4yMTM1MTcwMDBaICsgbWtkaXIgLXAgL2Fw
        cC9sb2cKAgAAAAAAAD0yMDIyLTAzLTAxVDIwOjQwOjA5LjIxNjIxMTAwMFogKyBta2RpciAtcCAv
        YXBwL3ZlbmRvci9idW5kbGUKAgAAAAAAADUyMDIyLTAzLTAxVDIwOjQwOjA5LjIxNzIyNzAwMFog
        KyBta2RpciAtcCAvYXBwL2RhdGEvCgIAAAAAAAA9MjAyMi0wMy0wMVQyMDo0MDowOS4yMTgzNzAw
        MDBaICsgbWtkaXIgLXAgL3RtcC9tZXRyaWNzLnByb20vCgIAAAAAAAA3MjAyMi0wMy0wMVQyMDo0
        MDowOS4yMTk5ODgwMDBaICsgY2htb2QgLVIgNzc3IC9hcHAvdG1wCgIAAAAAAAA3MjAyMi0wMy0w
        MVQyMDo0MDowOS4yMjEyMjkwMDBaICsgY2htb2QgLVIgNzc3IC9hcHAvbG9nCgIAAAAAAABBMjAy
        Mi0wMy0wMVQyMDo0MDowOS4yMjIwNTIwMDBaICsgY2htb2QgLVIgNzc3IC90bXAvbWV0cmljcy5w
        cm9tLwoCAAAAAAAAMzIwMjItMDMtMDFUMjA6NDA6MDkuMjIzMzYxMDAwWiArIHNob3B0IC1zIGds
        b2JzdGFyCgIAAAAAAAAvMjAyMi0wMy0wMVQyMDo0MDowOS4yMjM0NzUwMDBaICsgJ1snIC1uICcn
        ICddJwoCAAAAAAAALzIwMjItMDMtMDFUMjA6NDA6MDkuMjIzNTE4MDAwWiArICdbJyAtbiAnJyAn
        XScKAgAAAAAAAEcyMDIyLTAzLTAxVDIwOjQwOjA5LjIyMzU0NzAwMFogKyBsbiAtc2YgL2VudHJ5
        cG9pbnRzL3B1bWEuc2ggL2FwcC9iaW4vCgIAAAAAAAA7MjAyMi0wMy0wMVQyMDo0MDowOS4yMjQ2
        NjcwMDBaICsgY2htb2QgK3ggL2FwcC9iaW4vcHVtYS5zaAoCAAAAAAAANzIwMjItMDMtMDFUMjA6
        NDA6MDkuMjI4NjMzMDAwWiArICdbJyAtZSAvYXBwL2J1aWxkICddJwoCAAAAAAAANzIwMjItMDMt
        MDFUMjA6NDA6MDkuMjI4NzQ0MDAwWiArICdbJyAtZSBjb25maWcueW1sICddJwoCAAAAAAAALzIw
        MjItMDMtMDFUMjA6NDA6MDkuMjI4ODYyMDAwWiArICdbJyAtbiAnJyAnXScKAgAAAAAAAGUyMDIy
        LTAzLTAxVDIwOjQwOjA5LjIyODkyODAwMFogKyBlY2hvICdmb3IgZmlsZSBpbiAvYXBwLyouY29t
        cGxldGlvbjsgZG8gc291cmNlICRmaWxlIHx8IHRydWU7IGRvbmUnCgIAAAAAAABFMjAyMi0wMy0w
        MVQyMDo0MDowOS4yMzIzNDQwMDBaICsgZWNobyAnZXhwb3J0IFBBVEg9Ii9hcHAvYmluOiRQQVRI
        IicKAgAAAAAAADQyMDIyLTAzLTAxVDIwOjQwOjA5LjIzMjQ0MTAwMFogKyBjaG1vZCAtUiA3NDQg
        L3Jvb3QKAgAAAAAAADgyMDIyLTAzLTAxVDIwOjQwOjEwLjcwNjA3MzAwMFogKyBybSAtZiAndG1w
        L3BpZHMvKi5waWQnCgIAAAAAAAAvMjAyMi0wMy0wMVQyMDo0MDoxMC43MDY5OTMwMDBaICsgJ1sn
        IC1uICcnICddJwoCAAAAAAAAPTIwMjItMDMtMDFUMjA6NDA6MTAuNzA3MDUwMDAwWiArICdbJyAt
        ZSAvYXBwL2RldmVsb3BtZW50ICddJwoCAAAAAAAALzIwMjItMDMtMDFUMjA6NDA6MTAuNzA3MDgw
        MDAwWiArICdbJyAtbiAnJyAnXScKAgAAAAAAADwyMDIyLTAzLTAxVDIwOjQwOjEwLjcwNzEwODAw
        MFogKyBta2RpciAtcCAvYXBwL2RhdGEvdXBsb2FkcwoCAAAAAAAAQDIwMjItMDMtMDFUMjA6NDA6
        MTAuNzA3OTYxMDAwWiArIG1rZGlyIC1wIC9hcHAvZGF0YS9kYXRhX2Jsb2NrcwoCAAAAAAAANjIw
        MjItMDMtMDFUMjA6NDA6MTAuNzA4OTkyMDAwWiArIGV4ZWMgY2F0IC90YXNrX3Rva2VuCgEAAAAA
        AAOxMjAyMi0wMy0wMVQyMDo0MDoxMC43NjQ2OTUwMDBaICJleUpoYkdjaU9pSlNVekkxTmlKOS5l
        eUpsYldGcGJDSTZJbnBoWTJoaGNua3VZMjlzYkdsdWMwQjFZM05tTG1Wa2RTSXNJbTVoYldVaU9p
        SmFZV05vWVhKNUlFTnZiR3hwYm5NaUxDSndaWEp0SWpvaVpUcHRkbWx5TVNJc0ltWnNZV2R6SWpv
        aWFXNW5aWE4wTzNaMWJHTmhianQwYVcxMWNtRmtkbUZ1WTJWa08zRjFaWEo1Y0d4dmRDSXNJbVY0
        Y0NJNk1UWTBOamMzTVRrNU1pd2lkR0Z6YXlJNmRISjFaWDAuMjBxWUZyVXNhQ1dubUI0OWJoT1FC
        eEZvTVAxNVA5c1NrSThua0NYbGRVdGJqTVFxeFVKcGNJZFBPSWozS21zVVJ6amZfSS1TeTZsZlQ5
        TThQdXQteDlCbXJLanVnengtTWF2SldVT2VibjNLVE5ieFNIYXFSVDFTT09EV0prOEhzOC16ZGlX
        TUM2TmI2bWhVV1JwT1JldmRmUTJmTTh1VnhQSDdHV1VaX2lYcTdzZ2NNd25hU3ZjcVc2b3gwZEVG
        S01sSTktVndfUUUtZ1BvQ3gwZnJQcWMzdUxpSkNreC1fNG1mclB0ZmE4dDFRM1hfNGpGOThOSWts
        Q0Rfa1h2M1hRYWdndHBhR1VjZlJucVBYYjZfM0IwUXVHSnB3cHZ3M1dRb21BbktCS2FHNnVQLXRM
        TmFWTXhaU09mT2d1a1VoSEl0blRUcmJaeXA3N2xyYjExLUhma19kODRlU19CYmRnOUV5YV9Pajls
        b21KTUo2dGcyeENBejhkS2gtbEphRWlSQW5JaHY0RE1jNmdHQ3NkdkluSXoyX0ZFVFMzWXV0eERE
        Z21IMkwwWFJtS0p2NmdwUjc2VWwtdVA1UHlsUGtIT3ZkZG02RkRuSmRJbVRwaldrdGtpaGEzTVBZ
        YWpuMXFudm5UQ1J4THBBTldUaHN1dnEwcjFOazZrZW5iMWx5RVV2d1JEWHZCN2dDSTNqY1pPYjhB
        MkFhWWk4RDZ1SURHOEpXZmhUSEtMd2tPdDlYdFdzSWFqRkstRTFuSEExaGkxNHU2OUFRNC1QUlU5
        WDRMYno3RzZVOW5ObmdTR1J1MTRSNGpmOWZDYUF3anhLVmNMeEhfYVRHWk05bENuOEhWd3RRSWRL
        X3hIdzJxVjZLMXViQ21oekJUSDRLLTVhLTFWRTNyRFBoZ2Mi
    headers:
      Api-Version:
      - '1.40'
      Date:
      - Tue, 01 Mar 2022 20:40:11 GMT
      Docker-Experimental:
      - 'true'
      Ostype:
      - linux
      Server:
      - Docker/19.03.12 (linux)
      Transfer-Encoding:
      - chunked
    status:
      code: 200
      message: OK
- request:
    body: null
    headers:
      Accept:
      - '*/*'
      Accept-Encoding:
      - gzip, deflate
      Connection:
      - keep-alive
      User-Agent:
      - docker-sdk-python/5.0.3
    method: GET
    uri: http://localhost:8085/v1.40/containers/DockerOperator_b7b096a1c123785e34dfa9328486a76d/json
  response:
    body:
      string: '{"Id":"5570215b785f483cfb8a376fb0aa592542b362d098cc2ecbaf4640842df31d2f","Created":"2022-03-01T20:40:08.867360033Z","Path":"/entrypoints/development.sh","Args":["cat","/task_token"],"State":{"Status":"exited","Running":false,"Paused":false,"Restarting":false,"OOMKilled":false,"Dead":false,"Pid":0,"ExitCode":0,"Error":"","StartedAt":"2022-03-01T20:40:09.196312699Z","FinishedAt":"2022-03-01T20:40:10.720191581Z"},"Image":"sha256:6dc32a34e682120d8335117f326c175d8f94ee979f1d0bbd072ff679ca1bc149","ResolvConfPath":"/var/lib/docker/containers/5570215b785f483cfb8a376fb0aa592542b362d098cc2ecbaf4640842df31d2f/resolv.conf","HostnamePath":"/var/lib/docker/containers/5570215b785f483cfb8a376fb0aa592542b362d098cc2ecbaf4640842df31d2f/hostname","HostsPath":"/var/lib/docker/containers/5570215b785f483cfb8a376fb0aa592542b362d098cc2ecbaf4640842df31d2f/hosts","LogPath":"","Name":"/DockerOperator_b7b096a1c123785e34dfa9328486a76d","RestartCount":0,"Driver":"overlay2","Platform":"linux","MountLabel":"","ProcessLabel":"","AppArmorProfile":"","ExecIDs":null,"HostConfig":{"Binds":["monoetna_polyphemus-log-dir:/app/log:rw","/home/home/monoetna/polyphemus:/app:delegated","monoetna_polyphemus-opt-dir:/usr/opt:rw","/home/home/monoetna/etna:/etna:delegated","monoetna_polyphemus-data-dir:/app/data:rw","monoetna_polyphemus-public-dir:/app/public:rw","monoetna_polyphemus-tmp-dir:/app/tmp:rw","monoetna_polyphemus-node-modules:/app/node_modules:rw","monoetna_polyphemus-app-gems:/app/vendor/bundle:rw","/tmp/metrics.prom:/tmp/metrics.prom:rw","monoetna_polyphemus-ssh-dir:/root/.ssh:rw","/tmp/tmp_cfdy3m5:/task_token:ro"],"ContainerIDFile":"","LogConfig":{"Type":"journald","Config":{}},"NetworkMode":"monoetna_default","PortBindings":null,"RestartPolicy":{"Name":"","MaximumRetryCount":0},"AutoRemove":false,"VolumeDriver":"","VolumesFrom":[],"CapAdd":null,"CapDrop":null,"Capabilities":null,"Dns":null,"DnsOptions":null,"DnsSearch":null,"ExtraHosts":["metis.development.local:172.16.238.10","magma.development.local:172.16.238.10","janus.development.local:172.16.238.10","timur.development.local:172.16.238.10","rtemis.development.local:172.16.238.10","archimedes.development.local:172.16.238.10","polyphemus.development.local:172.16.238.10"],"GroupAdd":null,"IpcMode":"shareable","Cgroup":"","Links":null,"OomScoreAdj":0,"PidMode":"","Privileged":false,"PublishAllPorts":false,"ReadonlyRootfs":false,"SecurityOpt":null,"UTSMode":"","UsernsMode":"","ShmSize":67108864,"Runtime":"runc","ConsoleSize":[0,0],"Isolation":"","CpuShares":0,"Memory":0,"NanoCpus":0,"CgroupParent":"","BlkioWeight":0,"BlkioWeightDevice":null,"BlkioDeviceReadBps":null,"BlkioDeviceWriteBps":null,"BlkioDeviceReadIOps":null,"BlkioDeviceWriteIOps":null,"CpuPeriod":0,"CpuQuota":0,"CpuRealtimePeriod":0,"CpuRealtimeRuntime":0,"CpusetCpus":"","CpusetMems":"","Devices":null,"DeviceCgroupRules":null,"DeviceRequests":null,"KernelMemory":0,"KernelMemoryTCP":0,"MemoryReservation":0,"MemorySwap":0,"MemorySwappiness":null,"OomKillDisable":false,"PidsLimit":null,"Ulimits":null,"CpuCount":0,"CpuPercent":0,"IOMaximumIOps":0,"IOMaximumBandwidth":0,"MaskedPaths":["/proc/asound","/proc/acpi","/proc/kcore","/proc/keys","/proc/latency_stats","/proc/timer_list","/proc/timer_stats","/proc/sched_debug","/proc/scsi","/sys/firmware"],"ReadonlyPaths":["/proc/bus","/proc/fs","/proc/irq","/proc/sys","/proc/sysrq-trigger"]},"GraphDriver":{"Data":{"LowerDir":"/var/lib/docker/overlay2/6543806dd625761e2e8c6af40699990ef961283615fc7e9b9d592485a7f8056c-init/diff:/var/lib/docker/overlay2/11e209ad3cd3439eb4195241e5009ec0f3ef3af323a7773ba87c4b43161abd3f/diff:/var/lib/docker/overlay2/26e2ebbf60f706c3a592c3bfde425132fc7ae7c25eb6d79a52c06b234da39627/diff:/var/lib/docker/overlay2/86aa89e5f790461b18fd0e3d5b8ee0a7e287fe76c95427a4754d04e1b829eda6/diff:/var/lib/docker/overlay2/7bee8c07fc99277daf5d5196f7f2e7ddd53e8e2484b8187146b64b4cb885e7ba/diff:/var/lib/docker/overlay2/3e418be66bb337b2d953c04a27ef49e26261323ce7b346745401a04b0808f322/diff:/var/lib/docker/overlay2/e9dd2aeee6af49da6c196f12dbd16e6634eb9edbb7c08eebe0a7ee9db84899b6/diff:/var/lib/docker/overlay2/011edf10d820f653106b81b5bdc10bd1eda41aa02cb5b90df8a5217522ed9c62/diff:/var/lib/docker/overlay2/1046f4b3823b6ba2a02c709d6425ec423719ad730116002af9eab6c7b37fa117/diff:/var/lib/docker/overlay2/046e4535b94d0e187bde7eb2cc3a017e3022eaea3687354cda645936de1b2fc4/diff:/var/lib/docker/overlay2/5dcc9654c63c420c532e6c7c2db53d1a749da38416506c21710aad66c613ee4e/diff:/var/lib/docker/overlay2/0b8520b2a9d33e50caef9ca91dce48995d1140016d90520f4775972ac285c9aa/diff:/var/lib/docker/overlay2/aaf7ca3757aecf5365283e86928b91fe59ad510a3b5fa2d04bf489463932b6da/diff:/var/lib/docker/overlay2/da81a09e79dd7c0a13a82a7e693967ef7e08ce27b4d259c7fea27be0e8859b13/diff:/var/lib/docker/overlay2/ee495c0968fa49ea24631c6e5f3ee6da63ebb68cf27b1e307c74b6ce61d4acdf/diff:/var/lib/docker/overlay2/980501a5851077f3dee6ecbfa78c05043a0919b339478e7d823ef12754fff010/diff:/var/lib/docker/overlay2/2f3c09d962b5ec157db70dc7f71a205805219b8444d69a17d20cb95368af8dcd/diff:/var/lib/docker/overlay2/bb2fd16935716194e60293e90775dc04b6f1d873e32e66899182e907368fe508/diff:/var/lib/docker/overlay2/a416035c780e069c213e0357ff068498c2b2e173320696d23591b2460984f232/diff:/var/lib/docker/overlay2/c310a08347b1807ec6425b010144cbd42406c63e93d35dd9694427a7ab404e9a/diff:/var/lib/docker/overlay2/528b2790dd2b01f8a0e2dbd99e8dec227fbcc0566353eda8e8abe861ec1551bf/diff:/var/lib/docker/overlay2/82a7d60aea5e7ab0a9233c008718e36c4a42ace161d3c033bda8723fc3dc29f8/diff:/var/lib/docker/overlay2/6eeffa50a043d52e930584de0899433e400635f5228e0fce31b85faf968eebb9/diff:/var/lib/docker/overlay2/ddffa27edce00e21b810b851b7b4bc1a51cb84904e2c353348d52c38427d761f/diff:/var/lib/docker/overlay2/1bb4f72cbcd5928bb63a662b841fd5af9d49ece8aa8d176a151180086cc25b38/diff:/var/lib/docker/overlay2/9b40c0afe8036c2f368d4f569e5aa943d0b65096a156d1217a0e3d622e3ed78c/diff:/var/lib/docker/overlay2/9ccd149f25ea7e4b9ea0c34ab9ca26171bf0b5dcc362895d97f527beb727158f/diff:/var/lib/docker/overlay2/27f75d3b9f43747c8e64367c753864c91f91c044cc89326d022d2fdb72479548/diff:/var/lib/docker/overlay2/4d09067d26fbe5b11b0e6294328f85ad32104ecd957d27234dfd0553d44bc84c/diff:/var/lib/docker/overlay2/269da5fe85241a4d830c9b1cf04bb2003e2c9852d3c728f4af2b0c138ebebb44/diff:/var/lib/docker/overlay2/0807cf9a44ae09d3cc733c9856d53df978af94ad6793594feaa481821a9bb811/diff:/var/lib/docker/overlay2/7a345adb47095301698bf6ea344d9bae5ac7c0d4177f47a119c82111b3dac6ae/diff","MergedDir":"/var/lib/docker/overlay2/6543806dd625761e2e8c6af40699990ef961283615fc7e9b9d592485a7f8056c/merged","UpperDir":"/var/lib/docker/overlay2/6543806dd625761e2e8c6af40699990ef961283615fc7e9b9d592485a7f8056c/diff","WorkDir":"/var/lib/docker/overlay2/6543806dd625761e2e8c6af40699990ef961283615fc7e9b9d592485a7f8056c/work"},"Name":"overlay2"},"Mounts":[{"Type":"bind","Source":"/home/home/monoetna/polyphemus","Destination":"/app","Mode":"delegated","RW":true,"Propagation":"rprivate"},{"Type":"volume","Name":"monoetna_polyphemus-node-modules","Source":"/var/lib/docker/volumes/monoetna_polyphemus-node-modules/_data","Destination":"/app/node_modules","Driver":"local","Mode":"rw","RW":true,"Propagation":""},{"Type":"bind","Source":"/tmp/metrics.prom","Destination":"/tmp/metrics.prom","Mode":"rw","RW":true,"Propagation":"rprivate"},{"Type":"bind","Source":"/tmp/tmp_cfdy3m5","Destination":"/task_token","Mode":"ro","RW":false,"Propagation":"rprivate"},{"Type":"volume","Name":"monoetna_polyphemus-ssh-dir","Source":"/var/lib/docker/volumes/monoetna_polyphemus-ssh-dir/_data","Destination":"/root/.ssh","Driver":"local","Mode":"rw","RW":true,"Propagation":""},{"Type":"volume","Name":"monoetna_polyphemus-log-dir","Source":"/var/lib/docker/volumes/monoetna_polyphemus-log-dir/_data","Destination":"/app/log","Driver":"local","Mode":"rw","RW":true,"Propagation":""},{"Type":"volume","Name":"monoetna_polyphemus-opt-dir","Source":"/var/lib/docker/volumes/monoetna_polyphemus-opt-dir/_data","Destination":"/usr/opt","Driver":"local","Mode":"rw","RW":true,"Propagation":""},{"Type":"bind","Source":"/home/home/monoetna/etna","Destination":"/etna","Mode":"delegated","RW":true,"Propagation":"rprivate"},{"Type":"volume","Name":"monoetna_polyphemus-data-dir","Source":"/var/lib/docker/volumes/monoetna_polyphemus-data-dir/_data","Destination":"/app/data","Driver":"local","Mode":"rw","RW":true,"Propagation":""},{"Type":"volume","Name":"monoetna_polyphemus-public-dir","Source":"/var/lib/docker/volumes/monoetna_polyphemus-public-dir/_data","Destination":"/app/public","Driver":"local","Mode":"rw","RW":true,"Propagation":""},{"Type":"volume","Name":"monoetna_polyphemus-tmp-dir","Source":"/var/lib/docker/volumes/monoetna_polyphemus-tmp-dir/_data","Destination":"/app/tmp","Driver":"local","Mode":"rw","RW":true,"Propagation":""},{"Type":"volume","Name":"monoetna_polyphemus-app-gems","Source":"/var/lib/docker/volumes/monoetna_polyphemus-app-gems/_data","Destination":"/app/vendor/bundle","Driver":"local","Mode":"rw","RW":true,"Propagation":""}],"Config":{"Hostname":"5570215b785f","Domainname":"","User":"","AttachStdin":false,"AttachStdout":true,"AttachStderr":true,"Tty":false,"OpenStdin":false,"StdinOnce":false,"Env":["POLYPHEMUS_ENV=development","APP_NAME=polyphemus","PATH=/app/bin:/app/node_modules/.bin:/app/vendor/bundle/ruby/2.5.0/bin:/usr/local/bundle/bin:/usr/local/sbin:/usr/local/bin:/usr/sbin:/usr/bin:/sbin:/bin:/home/aspera/.aspera/connect/bin","LANG=C.UTF-8","RUBY_MAJOR=2.5","RUBY_VERSION=2.5.9","RUBY_DOWNLOAD_SHA256=a87f2fa901408cc77652c1a55ff976695bbe54830ff240e370039eca14b358f0","RUBYGEMS_VERSION=3.0.3","GEM_HOME=/app/vendor/bundle","BUNDLE_SILENCE_ROOT_WARNING=0","BUNDLE_APP_CONFIG=/app/.bundle","DOCKER_VERSION=20.10.6","RUBY_MAJOR_VERSION=2.5.0","BUNDLER_VERSION_=2.3.3","DOCKERIZE_VERSION=0.5.0","NODE_VERSION=12.18.1","DOCKERIZE_URL=https://github.com/jwilder/dockerize/releases/download/v0.5.0/dockerize-linux-amd64-v0.5.0.tar.gz","RACK_ENV=development","BUNDLE_PATH=/app/vendor/bundle","BUNDLE_BIN=/app/vendor/bundle/ruby/2.5.0/bin","BUNDLE_GEMFILE=/app/Gemfile","GEM_PATH=/root/.gem/ruby/2.5.0:/usr/local/lib/ruby/gems/2.5.0:/usr/local/bundle:/app/vendor/bundle/ruby/2.5.0"],"Cmd":["cat","/task_token"],"Image":"sha256:6dc32a34e682120d8335117f326c175d8f94ee979f1d0bbd072ff679ca1bc149","Volumes":null,"WorkingDir":"/app","Entrypoint":["/entrypoints/development.sh"],"OnBuild":null,"Labels":{"edu.ucsf.mountetna.version":"df5b4bb93","etna.operators.docker_operator.container":"true"}},"NetworkSettings":{"Bridge":"","SandboxID":"3e7cf0f12c3fd24d8a2c35141c8d84e8173e1785f7aae1e8809a0331d15cbb96","HairpinMode":false,"LinkLocalIPv6Address":"","LinkLocalIPv6PrefixLen":0,"Ports":{},"SandboxKey":"/var/run/docker/netns/3e7cf0f12c3f","SecondaryIPAddresses":null,"SecondaryIPv6Addresses":null,"EndpointID":"","Gateway":"","GlobalIPv6Address":"","GlobalIPv6PrefixLen":0,"IPAddress":"","IPPrefixLen":0,"IPv6Gateway":"","MacAddress":"","Networks":{"monoetna_default":{"IPAMConfig":null,"Links":null,"Aliases":["5570215b785f"],"NetworkID":"a148750d50ef42ae11b2090eeccbe4508f514f1874d6580cf8163631937d3599","EndpointID":"","Gateway":"","IPAddress":"","IPPrefixLen":0,"IPv6Gateway":"","GlobalIPv6Address":"","GlobalIPv6PrefixLen":0,"MacAddress":"","DriverOpts":null},"monoetna_edge_net":{"IPAMConfig":null,"Links":null,"Aliases":["5570215b785f"],"NetworkID":"b4ff9ae4107d239671566b2c3186fc695d4df07e4b9ebee7053f62f017fb6ac2","EndpointID":"","Gateway":"","IPAddress":"","IPPrefixLen":0,"IPv6Gateway":"","GlobalIPv6Address":"","GlobalIPv6PrefixLen":0,"MacAddress":"","DriverOpts":null}}}}

        '
    headers:
      Api-Version:
      - '1.40'
      Content-Type:
      - application/json
      Date:
      - Tue, 01 Mar 2022 20:40:11 GMT
      Docker-Experimental:
      - 'true'
      Ostype:
      - linux
      Server:
      - Docker/19.03.12 (linux)
      Transfer-Encoding:
      - chunked
    status:
      code: 200
      message: OK
- request:
    body: null
    headers:
      Accept:
      - '*/*'
      Accept-Encoding:
      - gzip, deflate
      Connection:
      - keep-alive
      User-Agent:
      - docker-sdk-python/5.0.3
    method: GET
    uri: http://localhost:8085/v1.40/containers/DockerOperator_b7b096a1c123785e34dfa9328486a76d/json
  response:
    body:
      string: '{"Id":"5570215b785f483cfb8a376fb0aa592542b362d098cc2ecbaf4640842df31d2f","Created":"2022-03-01T20:40:08.867360033Z","Path":"/entrypoints/development.sh","Args":["cat","/task_token"],"State":{"Status":"exited","Running":false,"Paused":false,"Restarting":false,"OOMKilled":false,"Dead":false,"Pid":0,"ExitCode":0,"Error":"","StartedAt":"2022-03-01T20:40:09.196312699Z","FinishedAt":"2022-03-01T20:40:10.720191581Z"},"Image":"sha256:6dc32a34e682120d8335117f326c175d8f94ee979f1d0bbd072ff679ca1bc149","ResolvConfPath":"/var/lib/docker/containers/5570215b785f483cfb8a376fb0aa592542b362d098cc2ecbaf4640842df31d2f/resolv.conf","HostnamePath":"/var/lib/docker/containers/5570215b785f483cfb8a376fb0aa592542b362d098cc2ecbaf4640842df31d2f/hostname","HostsPath":"/var/lib/docker/containers/5570215b785f483cfb8a376fb0aa592542b362d098cc2ecbaf4640842df31d2f/hosts","LogPath":"","Name":"/DockerOperator_b7b096a1c123785e34dfa9328486a76d","RestartCount":0,"Driver":"overlay2","Platform":"linux","MountLabel":"","ProcessLabel":"","AppArmorProfile":"","ExecIDs":null,"HostConfig":{"Binds":["monoetna_polyphemus-log-dir:/app/log:rw","/home/home/monoetna/polyphemus:/app:delegated","monoetna_polyphemus-opt-dir:/usr/opt:rw","/home/home/monoetna/etna:/etna:delegated","monoetna_polyphemus-data-dir:/app/data:rw","monoetna_polyphemus-public-dir:/app/public:rw","monoetna_polyphemus-tmp-dir:/app/tmp:rw","monoetna_polyphemus-node-modules:/app/node_modules:rw","monoetna_polyphemus-app-gems:/app/vendor/bundle:rw","/tmp/metrics.prom:/tmp/metrics.prom:rw","monoetna_polyphemus-ssh-dir:/root/.ssh:rw","/tmp/tmp_cfdy3m5:/task_token:ro"],"ContainerIDFile":"","LogConfig":{"Type":"journald","Config":{}},"NetworkMode":"monoetna_default","PortBindings":null,"RestartPolicy":{"Name":"","MaximumRetryCount":0},"AutoRemove":false,"VolumeDriver":"","VolumesFrom":[],"CapAdd":null,"CapDrop":null,"Capabilities":null,"Dns":null,"DnsOptions":null,"DnsSearch":null,"ExtraHosts":["metis.development.local:172.16.238.10","magma.development.local:172.16.238.10","janus.development.local:172.16.238.10","timur.development.local:172.16.238.10","rtemis.development.local:172.16.238.10","archimedes.development.local:172.16.238.10","polyphemus.development.local:172.16.238.10"],"GroupAdd":null,"IpcMode":"shareable","Cgroup":"","Links":null,"OomScoreAdj":0,"PidMode":"","Privileged":false,"PublishAllPorts":false,"ReadonlyRootfs":false,"SecurityOpt":null,"UTSMode":"","UsernsMode":"","ShmSize":67108864,"Runtime":"runc","ConsoleSize":[0,0],"Isolation":"","CpuShares":0,"Memory":0,"NanoCpus":0,"CgroupParent":"","BlkioWeight":0,"BlkioWeightDevice":null,"BlkioDeviceReadBps":null,"BlkioDeviceWriteBps":null,"BlkioDeviceReadIOps":null,"BlkioDeviceWriteIOps":null,"CpuPeriod":0,"CpuQuota":0,"CpuRealtimePeriod":0,"CpuRealtimeRuntime":0,"CpusetCpus":"","CpusetMems":"","Devices":null,"DeviceCgroupRules":null,"DeviceRequests":null,"KernelMemory":0,"KernelMemoryTCP":0,"MemoryReservation":0,"MemorySwap":0,"MemorySwappiness":null,"OomKillDisable":false,"PidsLimit":null,"Ulimits":null,"CpuCount":0,"CpuPercent":0,"IOMaximumIOps":0,"IOMaximumBandwidth":0,"MaskedPaths":["/proc/asound","/proc/acpi","/proc/kcore","/proc/keys","/proc/latency_stats","/proc/timer_list","/proc/timer_stats","/proc/sched_debug","/proc/scsi","/sys/firmware"],"ReadonlyPaths":["/proc/bus","/proc/fs","/proc/irq","/proc/sys","/proc/sysrq-trigger"]},"GraphDriver":{"Data":{"LowerDir":"/var/lib/docker/overlay2/6543806dd625761e2e8c6af40699990ef961283615fc7e9b9d592485a7f8056c-init/diff:/var/lib/docker/overlay2/11e209ad3cd3439eb4195241e5009ec0f3ef3af323a7773ba87c4b43161abd3f/diff:/var/lib/docker/overlay2/26e2ebbf60f706c3a592c3bfde425132fc7ae7c25eb6d79a52c06b234da39627/diff:/var/lib/docker/overlay2/86aa89e5f790461b18fd0e3d5b8ee0a7e287fe76c95427a4754d04e1b829eda6/diff:/var/lib/docker/overlay2/7bee8c07fc99277daf5d5196f7f2e7ddd53e8e2484b8187146b64b4cb885e7ba/diff:/var/lib/docker/overlay2/3e418be66bb337b2d953c04a27ef49e26261323ce7b346745401a04b0808f322/diff:/var/lib/docker/overlay2/e9dd2aeee6af49da6c196f12dbd16e6634eb9edbb7c08eebe0a7ee9db84899b6/diff:/var/lib/docker/overlay2/011edf10d820f653106b81b5bdc10bd1eda41aa02cb5b90df8a5217522ed9c62/diff:/var/lib/docker/overlay2/1046f4b3823b6ba2a02c709d6425ec423719ad730116002af9eab6c7b37fa117/diff:/var/lib/docker/overlay2/046e4535b94d0e187bde7eb2cc3a017e3022eaea3687354cda645936de1b2fc4/diff:/var/lib/docker/overlay2/5dcc9654c63c420c532e6c7c2db53d1a749da38416506c21710aad66c613ee4e/diff:/var/lib/docker/overlay2/0b8520b2a9d33e50caef9ca91dce48995d1140016d90520f4775972ac285c9aa/diff:/var/lib/docker/overlay2/aaf7ca3757aecf5365283e86928b91fe59ad510a3b5fa2d04bf489463932b6da/diff:/var/lib/docker/overlay2/da81a09e79dd7c0a13a82a7e693967ef7e08ce27b4d259c7fea27be0e8859b13/diff:/var/lib/docker/overlay2/ee495c0968fa49ea24631c6e5f3ee6da63ebb68cf27b1e307c74b6ce61d4acdf/diff:/var/lib/docker/overlay2/980501a5851077f3dee6ecbfa78c05043a0919b339478e7d823ef12754fff010/diff:/var/lib/docker/overlay2/2f3c09d962b5ec157db70dc7f71a205805219b8444d69a17d20cb95368af8dcd/diff:/var/lib/docker/overlay2/bb2fd16935716194e60293e90775dc04b6f1d873e32e66899182e907368fe508/diff:/var/lib/docker/overlay2/a416035c780e069c213e0357ff068498c2b2e173320696d23591b2460984f232/diff:/var/lib/docker/overlay2/c310a08347b1807ec6425b010144cbd42406c63e93d35dd9694427a7ab404e9a/diff:/var/lib/docker/overlay2/528b2790dd2b01f8a0e2dbd99e8dec227fbcc0566353eda8e8abe861ec1551bf/diff:/var/lib/docker/overlay2/82a7d60aea5e7ab0a9233c008718e36c4a42ace161d3c033bda8723fc3dc29f8/diff:/var/lib/docker/overlay2/6eeffa50a043d52e930584de0899433e400635f5228e0fce31b85faf968eebb9/diff:/var/lib/docker/overlay2/ddffa27edce00e21b810b851b7b4bc1a51cb84904e2c353348d52c38427d761f/diff:/var/lib/docker/overlay2/1bb4f72cbcd5928bb63a662b841fd5af9d49ece8aa8d176a151180086cc25b38/diff:/var/lib/docker/overlay2/9b40c0afe8036c2f368d4f569e5aa943d0b65096a156d1217a0e3d622e3ed78c/diff:/var/lib/docker/overlay2/9ccd149f25ea7e4b9ea0c34ab9ca26171bf0b5dcc362895d97f527beb727158f/diff:/var/lib/docker/overlay2/27f75d3b9f43747c8e64367c753864c91f91c044cc89326d022d2fdb72479548/diff:/var/lib/docker/overlay2/4d09067d26fbe5b11b0e6294328f85ad32104ecd957d27234dfd0553d44bc84c/diff:/var/lib/docker/overlay2/269da5fe85241a4d830c9b1cf04bb2003e2c9852d3c728f4af2b0c138ebebb44/diff:/var/lib/docker/overlay2/0807cf9a44ae09d3cc733c9856d53df978af94ad6793594feaa481821a9bb811/diff:/var/lib/docker/overlay2/7a345adb47095301698bf6ea344d9bae5ac7c0d4177f47a119c82111b3dac6ae/diff","MergedDir":"/var/lib/docker/overlay2/6543806dd625761e2e8c6af40699990ef961283615fc7e9b9d592485a7f8056c/merged","UpperDir":"/var/lib/docker/overlay2/6543806dd625761e2e8c6af40699990ef961283615fc7e9b9d592485a7f8056c/diff","WorkDir":"/var/lib/docker/overlay2/6543806dd625761e2e8c6af40699990ef961283615fc7e9b9d592485a7f8056c/work"},"Name":"overlay2"},"Mounts":[{"Type":"bind","Source":"/home/home/monoetna/etna","Destination":"/etna","Mode":"delegated","RW":true,"Propagation":"rprivate"},{"Type":"volume","Name":"monoetna_polyphemus-data-dir","Source":"/var/lib/docker/volumes/monoetna_polyphemus-data-dir/_data","Destination":"/app/data","Driver":"local","Mode":"rw","RW":true,"Propagation":""},{"Type":"volume","Name":"monoetna_polyphemus-public-dir","Source":"/var/lib/docker/volumes/monoetna_polyphemus-public-dir/_data","Destination":"/app/public","Driver":"local","Mode":"rw","RW":true,"Propagation":""},{"Type":"volume","Name":"monoetna_polyphemus-tmp-dir","Source":"/var/lib/docker/volumes/monoetna_polyphemus-tmp-dir/_data","Destination":"/app/tmp","Driver":"local","Mode":"rw","RW":true,"Propagation":""},{"Type":"volume","Name":"monoetna_polyphemus-app-gems","Source":"/var/lib/docker/volumes/monoetna_polyphemus-app-gems/_data","Destination":"/app/vendor/bundle","Driver":"local","Mode":"rw","RW":true,"Propagation":""},{"Type":"volume","Name":"monoetna_polyphemus-ssh-dir","Source":"/var/lib/docker/volumes/monoetna_polyphemus-ssh-dir/_data","Destination":"/root/.ssh","Driver":"local","Mode":"rw","RW":true,"Propagation":""},{"Type":"volume","Name":"monoetna_polyphemus-log-dir","Source":"/var/lib/docker/volumes/monoetna_polyphemus-log-dir/_data","Destination":"/app/log","Driver":"local","Mode":"rw","RW":true,"Propagation":""},{"Type":"volume","Name":"monoetna_polyphemus-opt-dir","Source":"/var/lib/docker/volumes/monoetna_polyphemus-opt-dir/_data","Destination":"/usr/opt","Driver":"local","Mode":"rw","RW":true,"Propagation":""},{"Type":"bind","Source":"/tmp/metrics.prom","Destination":"/tmp/metrics.prom","Mode":"rw","RW":true,"Propagation":"rprivate"},{"Type":"bind","Source":"/tmp/tmp_cfdy3m5","Destination":"/task_token","Mode":"ro","RW":false,"Propagation":"rprivate"},{"Type":"bind","Source":"/home/home/monoetna/polyphemus","Destination":"/app","Mode":"delegated","RW":true,"Propagation":"rprivate"},{"Type":"volume","Name":"monoetna_polyphemus-node-modules","Source":"/var/lib/docker/volumes/monoetna_polyphemus-node-modules/_data","Destination":"/app/node_modules","Driver":"local","Mode":"rw","RW":true,"Propagation":""}],"Config":{"Hostname":"5570215b785f","Domainname":"","User":"","AttachStdin":false,"AttachStdout":true,"AttachStderr":true,"Tty":false,"OpenStdin":false,"StdinOnce":false,"Env":["POLYPHEMUS_ENV=development","APP_NAME=polyphemus","PATH=/app/bin:/app/node_modules/.bin:/app/vendor/bundle/ruby/2.5.0/bin:/usr/local/bundle/bin:/usr/local/sbin:/usr/local/bin:/usr/sbin:/usr/bin:/sbin:/bin:/home/aspera/.aspera/connect/bin","LANG=C.UTF-8","RUBY_MAJOR=2.5","RUBY_VERSION=2.5.9","RUBY_DOWNLOAD_SHA256=a87f2fa901408cc77652c1a55ff976695bbe54830ff240e370039eca14b358f0","RUBYGEMS_VERSION=3.0.3","GEM_HOME=/app/vendor/bundle","BUNDLE_SILENCE_ROOT_WARNING=0","BUNDLE_APP_CONFIG=/app/.bundle","DOCKER_VERSION=20.10.6","RUBY_MAJOR_VERSION=2.5.0","BUNDLER_VERSION_=2.3.3","DOCKERIZE_VERSION=0.5.0","NODE_VERSION=12.18.1","DOCKERIZE_URL=https://github.com/jwilder/dockerize/releases/download/v0.5.0/dockerize-linux-amd64-v0.5.0.tar.gz","RACK_ENV=development","BUNDLE_PATH=/app/vendor/bundle","BUNDLE_BIN=/app/vendor/bundle/ruby/2.5.0/bin","BUNDLE_GEMFILE=/app/Gemfile","GEM_PATH=/root/.gem/ruby/2.5.0:/usr/local/lib/ruby/gems/2.5.0:/usr/local/bundle:/app/vendor/bundle/ruby/2.5.0"],"Cmd":["cat","/task_token"],"Image":"sha256:6dc32a34e682120d8335117f326c175d8f94ee979f1d0bbd072ff679ca1bc149","Volumes":null,"WorkingDir":"/app","Entrypoint":["/entrypoints/development.sh"],"OnBuild":null,"Labels":{"edu.ucsf.mountetna.version":"df5b4bb93","etna.operators.docker_operator.container":"true"}},"NetworkSettings":{"Bridge":"","SandboxID":"3e7cf0f12c3fd24d8a2c35141c8d84e8173e1785f7aae1e8809a0331d15cbb96","HairpinMode":false,"LinkLocalIPv6Address":"","LinkLocalIPv6PrefixLen":0,"Ports":{},"SandboxKey":"/var/run/docker/netns/3e7cf0f12c3f","SecondaryIPAddresses":null,"SecondaryIPv6Addresses":null,"EndpointID":"","Gateway":"","GlobalIPv6Address":"","GlobalIPv6PrefixLen":0,"IPAddress":"","IPPrefixLen":0,"IPv6Gateway":"","MacAddress":"","Networks":{"monoetna_default":{"IPAMConfig":null,"Links":null,"Aliases":["5570215b785f"],"NetworkID":"a148750d50ef42ae11b2090eeccbe4508f514f1874d6580cf8163631937d3599","EndpointID":"","Gateway":"","IPAddress":"","IPPrefixLen":0,"IPv6Gateway":"","GlobalIPv6Address":"","GlobalIPv6PrefixLen":0,"MacAddress":"","DriverOpts":null},"monoetna_edge_net":{"IPAMConfig":null,"Links":null,"Aliases":["5570215b785f"],"NetworkID":"b4ff9ae4107d239671566b2c3186fc695d4df07e4b9ebee7053f62f017fb6ac2","EndpointID":"","Gateway":"","IPAddress":"","IPPrefixLen":0,"IPv6Gateway":"","GlobalIPv6Address":"","GlobalIPv6PrefixLen":0,"MacAddress":"","DriverOpts":null}}}}

        '
    headers:
      Api-Version:
      - '1.40'
      Content-Type:
      - application/json
      Date:
      - Tue, 01 Mar 2022 20:40:11 GMT
      Docker-Experimental:
      - 'true'
      Ostype:
      - linux
      Server:
      - Docker/19.03.12 (linux)
      Transfer-Encoding:
      - chunked
    status:
      code: 200
      message: OK
- request:
    body: null
    headers:
      Accept:
      - '*/*'
      Accept-Encoding:
      - gzip, deflate
      Connection:
      - keep-alive
      User-Agent:
      - docker-sdk-python/5.0.3
    method: GET
    uri: http://localhost:8085/v1.40/containers/DockerOperator_b7b096a1c123785e34dfa9328486a76d/logs?stderr=1&stdout=1&timestamps=1&follow=0&tail=all&since=1646167210.0
  response:
    body:
      string: !!binary |
        AgAAAAAAADgyMDIyLTAzLTAxVDIwOjQwOjEwLjcwNjA3MzAwMFogKyBybSAtZiAndG1wL3BpZHMv
        Ki5waWQnCgIAAAAAAAAvMjAyMi0wMy0wMVQyMDo0MDoxMC43MDY5OTMwMDBaICsgJ1snIC1uICcn
        ICddJwoCAAAAAAAAPTIwMjItMDMtMDFUMjA6NDA6MTAuNzA3MDUwMDAwWiArICdbJyAtZSAvYXBw
        L2RldmVsb3BtZW50ICddJwoCAAAAAAAALzIwMjItMDMtMDFUMjA6NDA6MTAuNzA3MDgwMDAwWiAr
        ICdbJyAtbiAnJyAnXScKAgAAAAAAADwyMDIyLTAzLTAxVDIwOjQwOjEwLjcwNzEwODAwMFogKyBt
        a2RpciAtcCAvYXBwL2RhdGEvdXBsb2FkcwoCAAAAAAAAQDIwMjItMDMtMDFUMjA6NDA6MTAuNzA3
        OTYxMDAwWiArIG1rZGlyIC1wIC9hcHAvZGF0YS9kYXRhX2Jsb2NrcwoCAAAAAAAANjIwMjItMDMt
        MDFUMjA6NDA6MTAuNzA4OTkyMDAwWiArIGV4ZWMgY2F0IC90YXNrX3Rva2VuCgEAAAAAAAOxMjAy
        Mi0wMy0wMVQyMDo0MDoxMC43NjQ2OTUwMDBaICJleUpoYkdjaU9pSlNVekkxTmlKOS5leUpsYldG
        cGJDSTZJbnBoWTJoaGNua3VZMjlzYkdsdWMwQjFZM05tTG1Wa2RTSXNJbTVoYldVaU9pSmFZV05v
        WVhKNUlFTnZiR3hwYm5NaUxDSndaWEp0SWpvaVpUcHRkbWx5TVNJc0ltWnNZV2R6SWpvaWFXNW5a
        WE4wTzNaMWJHTmhianQwYVcxMWNtRmtkbUZ1WTJWa08zRjFaWEo1Y0d4dmRDSXNJbVY0Y0NJNk1U
        WTBOamMzTVRrNU1pd2lkR0Z6YXlJNmRISjFaWDAuMjBxWUZyVXNhQ1dubUI0OWJoT1FCeEZvTVAx
        NVA5c1NrSThua0NYbGRVdGJqTVFxeFVKcGNJZFBPSWozS21zVVJ6amZfSS1TeTZsZlQ5TThQdXQt
        eDlCbXJLanVnengtTWF2SldVT2VibjNLVE5ieFNIYXFSVDFTT09EV0prOEhzOC16ZGlXTUM2TmI2
        bWhVV1JwT1JldmRmUTJmTTh1VnhQSDdHV1VaX2lYcTdzZ2NNd25hU3ZjcVc2b3gwZEVGS01sSTkt
        VndfUUUtZ1BvQ3gwZnJQcWMzdUxpSkNreC1fNG1mclB0ZmE4dDFRM1hfNGpGOThOSWtsQ0Rfa1h2
        M1hRYWdndHBhR1VjZlJucVBYYjZfM0IwUXVHSnB3cHZ3M1dRb21BbktCS2FHNnVQLXRMTmFWTXha
        U09mT2d1a1VoSEl0blRUcmJaeXA3N2xyYjExLUhma19kODRlU19CYmRnOUV5YV9Pajlsb21KTUo2
        dGcyeENBejhkS2gtbEphRWlSQW5JaHY0RE1jNmdHQ3NkdkluSXoyX0ZFVFMzWXV0eEREZ21IMkww
        WFJtS0p2NmdwUjc2VWwtdVA1UHlsUGtIT3ZkZG02RkRuSmRJbVRwaldrdGtpaGEzTVBZYWpuMXFu
        dm5UQ1J4THBBTldUaHN1dnEwcjFOazZrZW5iMWx5RVV2d1JEWHZCN2dDSTNqY1pPYjhBMkFhWWk4
        RDZ1SURHOEpXZmhUSEtMd2tPdDlYdFdzSWFqRkstRTFuSEExaGkxNHU2OUFRNC1QUlU5WDRMYno3
        RzZVOW5ObmdTR1J1MTRSNGpmOWZDYUF3anhLVmNMeEhfYVRHWk05bENuOEhWd3RRSWRLX3hIdzJx
        VjZLMXViQ21oekJUSDRLLTVhLTFWRTNyRFBoZ2Mi
    headers:
      Api-Version:
      - '1.40'
      Date:
      - Tue, 01 Mar 2022 20:40:11 GMT
      Docker-Experimental:
      - 'true'
      Ostype:
      - linux
      Server:
      - Docker/19.03.12 (linux)
      Transfer-Encoding:
      - chunked
    status:
      code: 200
      message: OK
- request:
    body: null
    headers:
      Accept:
      - '*/*'
      Accept-Encoding:
      - gzip, deflate
      Connection:
      - keep-alive
      User-Agent:
      - docker-sdk-python/5.0.3
    method: GET
    uri: http://localhost:8085/v1.40/containers/DockerOperator_b7b096a1c123785e34dfa9328486a76d/json
  response:
    body:
      string: '{"Id":"5570215b785f483cfb8a376fb0aa592542b362d098cc2ecbaf4640842df31d2f","Created":"2022-03-01T20:40:08.867360033Z","Path":"/entrypoints/development.sh","Args":["cat","/task_token"],"State":{"Status":"exited","Running":false,"Paused":false,"Restarting":false,"OOMKilled":false,"Dead":false,"Pid":0,"ExitCode":0,"Error":"","StartedAt":"2022-03-01T20:40:09.196312699Z","FinishedAt":"2022-03-01T20:40:10.720191581Z"},"Image":"sha256:6dc32a34e682120d8335117f326c175d8f94ee979f1d0bbd072ff679ca1bc149","ResolvConfPath":"/var/lib/docker/containers/5570215b785f483cfb8a376fb0aa592542b362d098cc2ecbaf4640842df31d2f/resolv.conf","HostnamePath":"/var/lib/docker/containers/5570215b785f483cfb8a376fb0aa592542b362d098cc2ecbaf4640842df31d2f/hostname","HostsPath":"/var/lib/docker/containers/5570215b785f483cfb8a376fb0aa592542b362d098cc2ecbaf4640842df31d2f/hosts","LogPath":"","Name":"/DockerOperator_b7b096a1c123785e34dfa9328486a76d","RestartCount":0,"Driver":"overlay2","Platform":"linux","MountLabel":"","ProcessLabel":"","AppArmorProfile":"","ExecIDs":null,"HostConfig":{"Binds":["monoetna_polyphemus-log-dir:/app/log:rw","/home/home/monoetna/polyphemus:/app:delegated","monoetna_polyphemus-opt-dir:/usr/opt:rw","/home/home/monoetna/etna:/etna:delegated","monoetna_polyphemus-data-dir:/app/data:rw","monoetna_polyphemus-public-dir:/app/public:rw","monoetna_polyphemus-tmp-dir:/app/tmp:rw","monoetna_polyphemus-node-modules:/app/node_modules:rw","monoetna_polyphemus-app-gems:/app/vendor/bundle:rw","/tmp/metrics.prom:/tmp/metrics.prom:rw","monoetna_polyphemus-ssh-dir:/root/.ssh:rw","/tmp/tmp_cfdy3m5:/task_token:ro"],"ContainerIDFile":"","LogConfig":{"Type":"journald","Config":{}},"NetworkMode":"monoetna_default","PortBindings":null,"RestartPolicy":{"Name":"","MaximumRetryCount":0},"AutoRemove":false,"VolumeDriver":"","VolumesFrom":[],"CapAdd":null,"CapDrop":null,"Capabilities":null,"Dns":null,"DnsOptions":null,"DnsSearch":null,"ExtraHosts":["metis.development.local:172.16.238.10","magma.development.local:172.16.238.10","janus.development.local:172.16.238.10","timur.development.local:172.16.238.10","rtemis.development.local:172.16.238.10","archimedes.development.local:172.16.238.10","polyphemus.development.local:172.16.238.10"],"GroupAdd":null,"IpcMode":"shareable","Cgroup":"","Links":null,"OomScoreAdj":0,"PidMode":"","Privileged":false,"PublishAllPorts":false,"ReadonlyRootfs":false,"SecurityOpt":null,"UTSMode":"","UsernsMode":"","ShmSize":67108864,"Runtime":"runc","ConsoleSize":[0,0],"Isolation":"","CpuShares":0,"Memory":0,"NanoCpus":0,"CgroupParent":"","BlkioWeight":0,"BlkioWeightDevice":null,"BlkioDeviceReadBps":null,"BlkioDeviceWriteBps":null,"BlkioDeviceReadIOps":null,"BlkioDeviceWriteIOps":null,"CpuPeriod":0,"CpuQuota":0,"CpuRealtimePeriod":0,"CpuRealtimeRuntime":0,"CpusetCpus":"","CpusetMems":"","Devices":null,"DeviceCgroupRules":null,"DeviceRequests":null,"KernelMemory":0,"KernelMemoryTCP":0,"MemoryReservation":0,"MemorySwap":0,"MemorySwappiness":null,"OomKillDisable":false,"PidsLimit":null,"Ulimits":null,"CpuCount":0,"CpuPercent":0,"IOMaximumIOps":0,"IOMaximumBandwidth":0,"MaskedPaths":["/proc/asound","/proc/acpi","/proc/kcore","/proc/keys","/proc/latency_stats","/proc/timer_list","/proc/timer_stats","/proc/sched_debug","/proc/scsi","/sys/firmware"],"ReadonlyPaths":["/proc/bus","/proc/fs","/proc/irq","/proc/sys","/proc/sysrq-trigger"]},"GraphDriver":{"Data":{"LowerDir":"/var/lib/docker/overlay2/6543806dd625761e2e8c6af40699990ef961283615fc7e9b9d592485a7f8056c-init/diff:/var/lib/docker/overlay2/11e209ad3cd3439eb4195241e5009ec0f3ef3af323a7773ba87c4b43161abd3f/diff:/var/lib/docker/overlay2/26e2ebbf60f706c3a592c3bfde425132fc7ae7c25eb6d79a52c06b234da39627/diff:/var/lib/docker/overlay2/86aa89e5f790461b18fd0e3d5b8ee0a7e287fe76c95427a4754d04e1b829eda6/diff:/var/lib/docker/overlay2/7bee8c07fc99277daf5d5196f7f2e7ddd53e8e2484b8187146b64b4cb885e7ba/diff:/var/lib/docker/overlay2/3e418be66bb337b2d953c04a27ef49e26261323ce7b346745401a04b0808f322/diff:/var/lib/docker/overlay2/e9dd2aeee6af49da6c196f12dbd16e6634eb9edbb7c08eebe0a7ee9db84899b6/diff:/var/lib/docker/overlay2/011edf10d820f653106b81b5bdc10bd1eda41aa02cb5b90df8a5217522ed9c62/diff:/var/lib/docker/overlay2/1046f4b3823b6ba2a02c709d6425ec423719ad730116002af9eab6c7b37fa117/diff:/var/lib/docker/overlay2/046e4535b94d0e187bde7eb2cc3a017e3022eaea3687354cda645936de1b2fc4/diff:/var/lib/docker/overlay2/5dcc9654c63c420c532e6c7c2db53d1a749da38416506c21710aad66c613ee4e/diff:/var/lib/docker/overlay2/0b8520b2a9d33e50caef9ca91dce48995d1140016d90520f4775972ac285c9aa/diff:/var/lib/docker/overlay2/aaf7ca3757aecf5365283e86928b91fe59ad510a3b5fa2d04bf489463932b6da/diff:/var/lib/docker/overlay2/da81a09e79dd7c0a13a82a7e693967ef7e08ce27b4d259c7fea27be0e8859b13/diff:/var/lib/docker/overlay2/ee495c0968fa49ea24631c6e5f3ee6da63ebb68cf27b1e307c74b6ce61d4acdf/diff:/var/lib/docker/overlay2/980501a5851077f3dee6ecbfa78c05043a0919b339478e7d823ef12754fff010/diff:/var/lib/docker/overlay2/2f3c09d962b5ec157db70dc7f71a205805219b8444d69a17d20cb95368af8dcd/diff:/var/lib/docker/overlay2/bb2fd16935716194e60293e90775dc04b6f1d873e32e66899182e907368fe508/diff:/var/lib/docker/overlay2/a416035c780e069c213e0357ff068498c2b2e173320696d23591b2460984f232/diff:/var/lib/docker/overlay2/c310a08347b1807ec6425b010144cbd42406c63e93d35dd9694427a7ab404e9a/diff:/var/lib/docker/overlay2/528b2790dd2b01f8a0e2dbd99e8dec227fbcc0566353eda8e8abe861ec1551bf/diff:/var/lib/docker/overlay2/82a7d60aea5e7ab0a9233c008718e36c4a42ace161d3c033bda8723fc3dc29f8/diff:/var/lib/docker/overlay2/6eeffa50a043d52e930584de0899433e400635f5228e0fce31b85faf968eebb9/diff:/var/lib/docker/overlay2/ddffa27edce00e21b810b851b7b4bc1a51cb84904e2c353348d52c38427d761f/diff:/var/lib/docker/overlay2/1bb4f72cbcd5928bb63a662b841fd5af9d49ece8aa8d176a151180086cc25b38/diff:/var/lib/docker/overlay2/9b40c0afe8036c2f368d4f569e5aa943d0b65096a156d1217a0e3d622e3ed78c/diff:/var/lib/docker/overlay2/9ccd149f25ea7e4b9ea0c34ab9ca26171bf0b5dcc362895d97f527beb727158f/diff:/var/lib/docker/overlay2/27f75d3b9f43747c8e64367c753864c91f91c044cc89326d022d2fdb72479548/diff:/var/lib/docker/overlay2/4d09067d26fbe5b11b0e6294328f85ad32104ecd957d27234dfd0553d44bc84c/diff:/var/lib/docker/overlay2/269da5fe85241a4d830c9b1cf04bb2003e2c9852d3c728f4af2b0c138ebebb44/diff:/var/lib/docker/overlay2/0807cf9a44ae09d3cc733c9856d53df978af94ad6793594feaa481821a9bb811/diff:/var/lib/docker/overlay2/7a345adb47095301698bf6ea344d9bae5ac7c0d4177f47a119c82111b3dac6ae/diff","MergedDir":"/var/lib/docker/overlay2/6543806dd625761e2e8c6af40699990ef961283615fc7e9b9d592485a7f8056c/merged","UpperDir":"/var/lib/docker/overlay2/6543806dd625761e2e8c6af40699990ef961283615fc7e9b9d592485a7f8056c/diff","WorkDir":"/var/lib/docker/overlay2/6543806dd625761e2e8c6af40699990ef961283615fc7e9b9d592485a7f8056c/work"},"Name":"overlay2"},"Mounts":[{"Type":"bind","Source":"/home/home/monoetna/polyphemus","Destination":"/app","Mode":"delegated","RW":true,"Propagation":"rprivate"},{"Type":"volume","Name":"monoetna_polyphemus-node-modules","Source":"/var/lib/docker/volumes/monoetna_polyphemus-node-modules/_data","Destination":"/app/node_modules","Driver":"local","Mode":"rw","RW":true,"Propagation":""},{"Type":"bind","Source":"/tmp/metrics.prom","Destination":"/tmp/metrics.prom","Mode":"rw","RW":true,"Propagation":"rprivate"},{"Type":"bind","Source":"/tmp/tmp_cfdy3m5","Destination":"/task_token","Mode":"ro","RW":false,"Propagation":"rprivate"},{"Type":"volume","Name":"monoetna_polyphemus-public-dir","Source":"/var/lib/docker/volumes/monoetna_polyphemus-public-dir/_data","Destination":"/app/public","Driver":"local","Mode":"rw","RW":true,"Propagation":""},{"Type":"volume","Name":"monoetna_polyphemus-tmp-dir","Source":"/var/lib/docker/volumes/monoetna_polyphemus-tmp-dir/_data","Destination":"/app/tmp","Driver":"local","Mode":"rw","RW":true,"Propagation":""},{"Type":"volume","Name":"monoetna_polyphemus-app-gems","Source":"/var/lib/docker/volumes/monoetna_polyphemus-app-gems/_data","Destination":"/app/vendor/bundle","Driver":"local","Mode":"rw","RW":true,"Propagation":""},{"Type":"volume","Name":"monoetna_polyphemus-ssh-dir","Source":"/var/lib/docker/volumes/monoetna_polyphemus-ssh-dir/_data","Destination":"/root/.ssh","Driver":"local","Mode":"rw","RW":true,"Propagation":""},{"Type":"volume","Name":"monoetna_polyphemus-log-dir","Source":"/var/lib/docker/volumes/monoetna_polyphemus-log-dir/_data","Destination":"/app/log","Driver":"local","Mode":"rw","RW":true,"Propagation":""},{"Type":"volume","Name":"monoetna_polyphemus-opt-dir","Source":"/var/lib/docker/volumes/monoetna_polyphemus-opt-dir/_data","Destination":"/usr/opt","Driver":"local","Mode":"rw","RW":true,"Propagation":""},{"Type":"bind","Source":"/home/home/monoetna/etna","Destination":"/etna","Mode":"delegated","RW":true,"Propagation":"rprivate"},{"Type":"volume","Name":"monoetna_polyphemus-data-dir","Source":"/var/lib/docker/volumes/monoetna_polyphemus-data-dir/_data","Destination":"/app/data","Driver":"local","Mode":"rw","RW":true,"Propagation":""}],"Config":{"Hostname":"5570215b785f","Domainname":"","User":"","AttachStdin":false,"AttachStdout":true,"AttachStderr":true,"Tty":false,"OpenStdin":false,"StdinOnce":false,"Env":["POLYPHEMUS_ENV=development","APP_NAME=polyphemus","PATH=/app/bin:/app/node_modules/.bin:/app/vendor/bundle/ruby/2.5.0/bin:/usr/local/bundle/bin:/usr/local/sbin:/usr/local/bin:/usr/sbin:/usr/bin:/sbin:/bin:/home/aspera/.aspera/connect/bin","LANG=C.UTF-8","RUBY_MAJOR=2.5","RUBY_VERSION=2.5.9","RUBY_DOWNLOAD_SHA256=a87f2fa901408cc77652c1a55ff976695bbe54830ff240e370039eca14b358f0","RUBYGEMS_VERSION=3.0.3","GEM_HOME=/app/vendor/bundle","BUNDLE_SILENCE_ROOT_WARNING=0","BUNDLE_APP_CONFIG=/app/.bundle","DOCKER_VERSION=20.10.6","RUBY_MAJOR_VERSION=2.5.0","BUNDLER_VERSION_=2.3.3","DOCKERIZE_VERSION=0.5.0","NODE_VERSION=12.18.1","DOCKERIZE_URL=https://github.com/jwilder/dockerize/releases/download/v0.5.0/dockerize-linux-amd64-v0.5.0.tar.gz","RACK_ENV=development","BUNDLE_PATH=/app/vendor/bundle","BUNDLE_BIN=/app/vendor/bundle/ruby/2.5.0/bin","BUNDLE_GEMFILE=/app/Gemfile","GEM_PATH=/root/.gem/ruby/2.5.0:/usr/local/lib/ruby/gems/2.5.0:/usr/local/bundle:/app/vendor/bundle/ruby/2.5.0"],"Cmd":["cat","/task_token"],"Image":"sha256:6dc32a34e682120d8335117f326c175d8f94ee979f1d0bbd072ff679ca1bc149","Volumes":null,"WorkingDir":"/app","Entrypoint":["/entrypoints/development.sh"],"OnBuild":null,"Labels":{"edu.ucsf.mountetna.version":"df5b4bb93","etna.operators.docker_operator.container":"true"}},"NetworkSettings":{"Bridge":"","SandboxID":"3e7cf0f12c3fd24d8a2c35141c8d84e8173e1785f7aae1e8809a0331d15cbb96","HairpinMode":false,"LinkLocalIPv6Address":"","LinkLocalIPv6PrefixLen":0,"Ports":{},"SandboxKey":"/var/run/docker/netns/3e7cf0f12c3f","SecondaryIPAddresses":null,"SecondaryIPv6Addresses":null,"EndpointID":"","Gateway":"","GlobalIPv6Address":"","GlobalIPv6PrefixLen":0,"IPAddress":"","IPPrefixLen":0,"IPv6Gateway":"","MacAddress":"","Networks":{"monoetna_default":{"IPAMConfig":null,"Links":null,"Aliases":["5570215b785f"],"NetworkID":"a148750d50ef42ae11b2090eeccbe4508f514f1874d6580cf8163631937d3599","EndpointID":"","Gateway":"","IPAddress":"","IPPrefixLen":0,"IPv6Gateway":"","GlobalIPv6Address":"","GlobalIPv6PrefixLen":0,"MacAddress":"","DriverOpts":null},"monoetna_edge_net":{"IPAMConfig":null,"Links":null,"Aliases":["5570215b785f"],"NetworkID":"b4ff9ae4107d239671566b2c3186fc695d4df07e4b9ebee7053f62f017fb6ac2","EndpointID":"","Gateway":"","IPAddress":"","IPPrefixLen":0,"IPv6Gateway":"","GlobalIPv6Address":"","GlobalIPv6PrefixLen":0,"MacAddress":"","DriverOpts":null}}}}

        '
    headers:
      Api-Version:
      - '1.40'
      Content-Type:
      - application/json
      Date:
      - Tue, 01 Mar 2022 20:40:11 GMT
      Docker-Experimental:
      - 'true'
      Ostype:
      - linux
      Server:
      - Docker/19.03.12 (linux)
      Transfer-Encoding:
      - chunked
    status:
      code: 200
      message: OK
- request:
    body: null
    headers:
      Accept:
      - '*/*'
      Accept-Encoding:
      - gzip, deflate
      Connection:
      - keep-alive
      Content-Length:
      - '0'
      User-Agent:
      - docker-sdk-python/5.0.3
    method: DELETE
    uri: http://localhost:8085/v1.40/containers/DockerOperator_b7b096a1c123785e34dfa9328486a76d?v=False&link=False&force=False
  response:
    body:
      string: ''
    headers:
      Api-Version:
      - '1.40'
      Date:
      - Tue, 01 Mar 2022 20:40:11 GMT
      Docker-Experimental:
      - 'true'
      Ostype:
      - linux
      Server:
      - Docker/19.03.12 (linux)
    status:
      code: 204
      message: No Content
- request:
    body: '{"project_name": "mvir1", "model_name": "all", "attribute_names": "all",
      "hide_templates": true, "record_names": []}'
    headers:
      Accept:
      - '*/*'
      Accept-Encoding:
      - gzip, deflate
      Connection:
      - keep-alive
      Content-Length:
      - '116'
      Content-Type:
      - application/json
      User-Agent:
      - python-requests/2.26.0
      authorization:
      - XXX-Auth
    method: POST
    uri: https://magma.ucsf.edu/retrieve
  response:
    body:
      string: '{"models":{"patient":{"documents":{}},"document":{"documents":{}},"symptom":{"documents":{}},"rna_seq_plate":{"documents":{}},"timepoint":{"documents":{}},"project":{"documents":{}},"cytof_pool":{"documents":{}},"clinical_lab":{"documents":{}},"sc_rna_seq":{"documents":{}},"sc_rna_seq_pool":{"documents":{}},"immunoassay":{"documents":{}},"cytof":{"documents":{}},"treatment":{"documents":{}},"admission_lab":{"documents":{}},"comorbidity":{"documents":{}},"analyte":{"documents":{}},"rna_seq":{"documents":{}}}}'
    headers:
      Connection:
      - Keep-Alive
      Content-Length:
      - '513'
      Content-Type:
      - application/json
      Date:
      - Tue, 01 Mar 2022 20:40:17 GMT
      Keep-Alive:
      - timeout=5, max=100
      Server:
      - Apache
      Service-Worker-Allowed:
      - /
      Strict-Transport-Security:
      - max-age=31536000; includeSubDomains
    status:
      code: 200
      message: OK
version: 1
